Archive member included to satisfy reference by file (symbol)

/usr/local/Cellar/arm-none-eabi-gcc/10.3-2021.07/gcc/bin/../lib/gcc/arm-none-eabi/10.3.1/thumb/v6-m/nofp/libgcc.a(_dvmd_tls.o)
                              CMakeFiles/new_gps.dir/Users/grubowski/Documents/Important_Folders/School/OSU_School_Work/Winter_2023_Quarter/pico/pico-sdk/src/rp2_common/pico_divider/divider.S.obj (__aeabi_idiv0)
/usr/local/Cellar/arm-none-eabi-gcc/10.3-2021.07/gcc/bin/../lib/gcc/arm-none-eabi/10.3.1/../../../../arm-none-eabi/lib/thumb/v6-m/nofp/libg.a(lib_a-calloc.o)
                              CMakeFiles/new_gps.dir/Users/grubowski/Documents/Important_Folders/School/OSU_School_Work/Winter_2023_Quarter/pico/pico-sdk/src/rp2_common/pico_malloc/pico_malloc.c.obj (calloc)
/usr/local/Cellar/arm-none-eabi-gcc/10.3-2021.07/gcc/bin/../lib/gcc/arm-none-eabi/10.3.1/../../../../arm-none-eabi/lib/thumb/v6-m/nofp/libg.a(lib_a-callocr.o)
                              /usr/local/Cellar/arm-none-eabi-gcc/10.3-2021.07/gcc/bin/../lib/gcc/arm-none-eabi/10.3.1/../../../../arm-none-eabi/lib/thumb/v6-m/nofp/libg.a(lib_a-calloc.o) (_calloc_r)
/usr/local/Cellar/arm-none-eabi-gcc/10.3-2021.07/gcc/bin/../lib/gcc/arm-none-eabi/10.3.1/../../../../arm-none-eabi/lib/thumb/v6-m/nofp/libg.a(lib_a-ctype_.o)
                              CMakeFiles/new_gps.dir/Users/grubowski/Documents/Important_Folders/School/OSU_School_Work/Winter_2023_Quarter/pico/pico-sdk/lib/tinyusb/src/tusb.c.obj (_ctype_)
/usr/local/Cellar/arm-none-eabi-gcc/10.3-2021.07/gcc/bin/../lib/gcc/arm-none-eabi/10.3.1/../../../../arm-none-eabi/lib/thumb/v6-m/nofp/libg.a(lib_a-errno.o)
                              /usr/local/Cellar/arm-none-eabi-gcc/10.3-2021.07/gcc/bin/../lib/gcc/arm-none-eabi/10.3.1/../../../../arm-none-eabi/lib/thumb/v6-m/nofp/libg.a(lib_a-callocr.o) (__errno)
/usr/local/Cellar/arm-none-eabi-gcc/10.3-2021.07/gcc/bin/../lib/gcc/arm-none-eabi/10.3.1/../../../../arm-none-eabi/lib/thumb/v6-m/nofp/libg.a(lib_a-impure.o)
                              /usr/local/Cellar/arm-none-eabi-gcc/10.3-2021.07/gcc/bin/../lib/gcc/arm-none-eabi/10.3.1/../../../../arm-none-eabi/lib/thumb/v6-m/nofp/libg.a(lib_a-calloc.o) (_impure_ptr)
/usr/local/Cellar/arm-none-eabi-gcc/10.3-2021.07/gcc/bin/../lib/gcc/arm-none-eabi/10.3.1/../../../../arm-none-eabi/lib/thumb/v6-m/nofp/libg.a(lib_a-init.o)
                              /usr/local/Cellar/arm-none-eabi-gcc/10.3-2021.07/gcc/bin/../lib/gcc/arm-none-eabi/10.3.1/../../../../arm-none-eabi/lib/thumb/v6-m/nofp/crt0.o (__libc_init_array)
/usr/local/Cellar/arm-none-eabi-gcc/10.3-2021.07/gcc/bin/../lib/gcc/arm-none-eabi/10.3.1/../../../../arm-none-eabi/lib/thumb/v6-m/nofp/libg.a(lib_a-malloc.o)
                              CMakeFiles/new_gps.dir/Users/grubowski/Documents/Important_Folders/School/OSU_School_Work/Winter_2023_Quarter/pico/pico-sdk/src/rp2_common/pico_malloc/pico_malloc.c.obj (malloc)
/usr/local/Cellar/arm-none-eabi-gcc/10.3-2021.07/gcc/bin/../lib/gcc/arm-none-eabi/10.3.1/../../../../arm-none-eabi/lib/thumb/v6-m/nofp/libg.a(lib_a-mallocr.o)
                              /usr/local/Cellar/arm-none-eabi-gcc/10.3-2021.07/gcc/bin/../lib/gcc/arm-none-eabi/10.3.1/../../../../arm-none-eabi/lib/thumb/v6-m/nofp/libg.a(lib_a-callocr.o) (_malloc_r)
/usr/local/Cellar/arm-none-eabi-gcc/10.3-2021.07/gcc/bin/../lib/gcc/arm-none-eabi/10.3.1/../../../../arm-none-eabi/lib/thumb/v6-m/nofp/libg.a(lib_a-mlock.o)
                              /usr/local/Cellar/arm-none-eabi-gcc/10.3-2021.07/gcc/bin/../lib/gcc/arm-none-eabi/10.3.1/../../../../arm-none-eabi/lib/thumb/v6-m/nofp/libg.a(lib_a-mallocr.o) (__malloc_lock)
/usr/local/Cellar/arm-none-eabi-gcc/10.3-2021.07/gcc/bin/../lib/gcc/arm-none-eabi/10.3.1/../../../../arm-none-eabi/lib/thumb/v6-m/nofp/libg.a(lib_a-realloc.o)
                              CMakeFiles/new_gps.dir/Users/grubowski/Documents/Important_Folders/School/OSU_School_Work/Winter_2023_Quarter/pico/pico-sdk/src/rp2_common/pico_malloc/pico_malloc.c.obj (realloc)
/usr/local/Cellar/arm-none-eabi-gcc/10.3-2021.07/gcc/bin/../lib/gcc/arm-none-eabi/10.3.1/../../../../arm-none-eabi/lib/thumb/v6-m/nofp/libg.a(lib_a-reallocr.o)
                              /usr/local/Cellar/arm-none-eabi-gcc/10.3-2021.07/gcc/bin/../lib/gcc/arm-none-eabi/10.3.1/../../../../arm-none-eabi/lib/thumb/v6-m/nofp/libg.a(lib_a-realloc.o) (_realloc_r)
/usr/local/Cellar/arm-none-eabi-gcc/10.3-2021.07/gcc/bin/../lib/gcc/arm-none-eabi/10.3.1/../../../../arm-none-eabi/lib/thumb/v6-m/nofp/libg.a(lib_a-sbrkr.o)
                              /usr/local/Cellar/arm-none-eabi-gcc/10.3-2021.07/gcc/bin/../lib/gcc/arm-none-eabi/10.3.1/../../../../arm-none-eabi/lib/thumb/v6-m/nofp/libg.a(lib_a-mallocr.o) (_sbrk_r)
/usr/local/Cellar/arm-none-eabi-gcc/10.3-2021.07/gcc/bin/../lib/gcc/arm-none-eabi/10.3.1/../../../../arm-none-eabi/lib/thumb/v6-m/nofp/libg.a(lib_a-scanf.o)
                              CMakeFiles/new_gps.dir/new_gps.c.obj (scanf)
[...]
Memory Configuration

Name             Origin             Length             Attributes
FLASH            0x0000000010000000 0x0000000000200000 xr
RAM              0x0000000020000000 0x0000000000040000 xrw
SCRATCH_X        0x0000000020040000 0x0000000000001000 xrw
SCRATCH_Y        0x0000000020041000 0x0000000000001000 xrw
*default*        0x0000000000000000 0xffffffffffffffff

Linker script and memory map

LOAD /usr/local/Cellar/arm-none-eabi-gcc/10.3-2021.07/gcc/bin/../lib/gcc/arm-none-eabi/10.3.1/thumb/v6-m/nofp/crti.o
LOAD /usr/local/Cellar/arm-none-eabi-gcc/10.3-2021.07/gcc/bin/../lib/gcc/arm-none-eabi/10.3.1/thumb/v6-m/nofp/crtbegin.o
LOAD /usr/local/Cellar/arm-none-eabi-gcc/10.3-2021.07/gcc/bin/../lib/gcc/arm-none-eabi/10.3.1/../../../../arm-none-eabi/lib/thumb/v6-m/nofp/crt0.o

.flash_begin    0x0000000010000000        0x0
                0x0000000010000000                __flash_binary_start = .

.boot2          0x0000000010000000      0x100
                0x0000000010000000                __boot2_start__ = .
 *(.boot2)
 .boot2         0x0000000010000000      0x100 /var/folders/g8/th22h_qn18vccf4tmm1yckzh0000gp/T//cczEWIad.o
                0x0000000010000100                __boot2_end__ = .
                0x0000000000000001                ASSERT (((__boot2_end__ - __boot2_start__) == 0x100), ERROR: Pico second stage bootloader must be 256 bytes in size)

.text           0x0000000010000100     0xf478
                0x0000000010000100                __logical_binary_start = .
 *(.vectors)
 .vectors       0x0000000010000100       0xd4 CMakeFiles/new_gps.dir/Users/grubowski/Documents/Important_Folders/School/OSU_School_Work/Winter_2023_Quarter/pico/pico-sdk/src/rp2_common/pico_standard_link/crt0.S.obj
                0x0000000010000100                __VECTOR_TABLE
                0x0000000010000100                __vectors
                0x00000000100001c0                __default_isrs_start
                0x00000000100001c0                isr_invalid
                0x00000000100001c2                isr_nmi
                0x00000000100001c4                isr_hardfault
                0x00000000100001c6                isr_svcall
                0x00000000100001c8                isr_pendsv
                0x00000000100001ca                isr_systick
                0x00000000100001cc                isr_irq28
                0x00000000100001cc                isr_irq19
                0x00000000100001cc                isr_irq0
                0x00000000100001cc                isr_irq6
                0x00000000100001cc                isr_irq22
                0x00000000100001cc                isr_irq17
                0x00000000100001cc                isr_irq14
                0x00000000100001cc                isr_irq2
                0x00000000100001cc                isr_irq10
                0x00000000100001cc                isr_irq8
                0x00000000100001cc                isr_irq24
                0x00000000100001cc                isr_irq1
                0x00000000100001cc                isr_irq7
                0x00000000100001cc                isr_irq21
                0x00000000100001cc                isr_irq20
                0x00000000100001cc                isr_irq15
                0x00000000100001cc                isr_irq25
                0x00000000100001cc                isr_irq4
                0x00000000100001cc                isr_irq16
                0x00000000100001cc                isr_irq29
                0x00000000100001cc                isr_irq26
                0x00000000100001cc                __default_isrs_end
                0x00000000100001cc                isr_irq3
                0x00000000100001cc                isr_irq9
                0x00000000100001cc                __unhandled_user_irq
                0x00000000100001cc                isr_irq13
                0x00000000100001cc                isr_irq27
                0x00000000100001cc                isr_irq31
                0x00000000100001cc                isr_irq5
                0x00000000100001cc                isr_irq11
                0x00000000100001cc                isr_irq23
                0x00000000100001cc                isr_irq18
                0x00000000100001cc                isr_irq30
                0x00000000100001cc                isr_irq12
                0x00000000100001d2                unhandled_user_irq_num_in_r0
 *(.binary_info_header)
 .binary_info_header
                0x00000000100001d4       0x14 CMakeFiles/new_gps.dir/Users/grubowski/Documents/Important_Folders/School/OSU_School_Work/Winter_2023_Quarter/pico/pico-sdk/src/rp2_common/pico_standard_link/crt0.S.obj
                0x00000000100001e8                __binary_info_header_end = .
 *(.reset)
 .reset         0x00000000100001e8       0xa8 CMakeFiles/new_gps.dir/Users/grubowski/Documents/Important_Folders/School/OSU_School_Work/Winter_2023_Quarter/pico/pico-sdk/src/rp2_common/pico_standard_link/crt0.S.obj
                0x00000000100001e8                _entry_point
                0x0000000010000266                __get_current_exception
 .reset         0x0000000010000290       0x30 CMakeFiles/new_gps.dir/Users/grubowski/Documents/Important_Folders/School/OSU_School_Work/Winter_2023_Quarter/pico/pico-sdk/src/rp2_common/pico_standard_link/binary_info.c.obj
 *(.init)
 .init          0x00000000100002c0        0x4 /usr/local/Cellar/arm-none-eabi-gcc/10.3-2021.07/gcc/bin/../lib/gcc/arm-none-eabi/10.3.1/thumb/v6-m/nofp/crti.o
                0x00000000100002c0                _init
 *(EXCLUDE_FILE(*libm.a: *libc.a:*lib_a-mem*.o *libgcc.a:) .text*)
 .text          0x00000000100002c4       0x48 /usr/local/Cellar/arm-none-eabi-gcc/10.3-2021.07/gcc/bin/../lib/gcc/arm-none-eabi/10.3.1/thumb/v6-m/nofp/crtbegin.o
 .text.parse_nmea_sentence
                0x000000001000030c      0x104 CMakeFiles/new_gps.dir/new_gps.c.obj
                0x000000001000030c                parse_nmea_sentence
 .text.main     0x0000000010000410       0xf4 CMakeFiles/new_gps.dir/new_gps.c.obj
                0x0000000010000410                main
 .text.gpio_set_function
                0x0000000010000504       0x30 CMakeFiles/new_gps.dir/Users/grubowski/Documents/Important_Folders/School/OSU_School_Work/Winter_2023_Quarter/pico/pico-sdk/src/rp2_common/hardware_gpio/gpio.c.obj
                0x0000000010000504                gpio_set_function
 .text.gpio_init
                0x0000000010000534       0x16 CMakeFiles/new_gps.dir/Users/grubowski/Documents/Important_Folders/School/OSU_School_Work/Winter_2023_Quarter/pico/pico-sdk/src/rp2_common/hardware_gpio/gpio.c.obj
                0x0000000010000534                gpio_init
 *fill*         0x000000001000054a        0x2 
 .text.hw_claim_lock
                0x000000001000054c       0x18 CMakeFiles/new_gps.dir/Users/grubowski/Documents/Important_Folders/School/OSU_School_Work/Winter_2023_Quarter/pico/pico-sdk/src/rp2_common/hardware_claim/claim.c.obj
                0x000000001000054c                hw_claim_lock
 .text.hw_claim_unlock
                0x0000000010000564       0x14 CMakeFiles/new_gps.dir/Users/grubowski/Documents/Important_Folders/School/OSU_School_Work/Winter_2023_Quarter/pico/pico-sdk/src/rp2_common/hardware_claim/claim.c.obj
                0x0000000010000564                hw_claim_unlock
 .text.hw_claim_or_assert
                0x0000000010000578       0x32 CMakeFiles/new_gps.dir/Users/grubowski/Documents/Important_Folders/School/OSU_School_Work/Winter_2023_Quarter/pico/pico-sdk/src/rp2_common/hardware_claim/claim.c.obj
                0x0000000010000578                hw_claim_or_assert
 .text.hw_claim_unused_from_range
                0x00000000100005aa       0x50 CMakeFiles/new_gps.dir/Users/grubowski/Documents/Important_Folders/School/OSU_School_Work/Winter_2023_Quarter/pico/pico-sdk/src/rp2_common/hardware_claim/claim.c.obj
                0x00000000100005aa                hw_claim_unused_from_range
 *fill*         0x00000000100005fa        0x2 
 .text.running_on_fpga
                0x00000000100005fc       0x14 CMakeFiles/new_gps.dir/Users/grubowski/Documents/Important_Folders/School/OSU_School_Work/Winter_2023_Quarter/pico/pico-sdk/src/rp2_common/pico_platform/platform.c.obj
                0x00000000100005fc                running_on_fpga
 .text.spin_locks_reset
                0x0000000010000610       0x20 CMakeFiles/new_gps.dir/Users/grubowski/Documents/Important_Folders/School/OSU_School_Work/Winter_2023_Quarter/pico/pico-sdk/src/rp2_common/hardware_sync/sync.c.obj
                0x0000000010000610                spin_locks_reset
 .text.next_striped_spin_lock_num
                0x0000000010000630       0x1c CMakeFiles/new_gps.dir/Users/grubowski/Documents/Important_Folders/School/OSU_School_Work/Winter_2023_Quarter/pico/pico-sdk/src/rp2_common/hardware_sync/sync.c.obj
                0x0000000010000630                next_striped_spin_lock_num
 .text.spin_lock_claim_unused
                0x000000001000064c       0x20 CMakeFiles/new_gps.dir/Users/grubowski/Documents/Important_Folders/School/OSU_School_Work/Winter_2023_Quarter/pico/pico-sdk/src/rp2_common/hardware_sync/sync.c.obj
                0x000000001000064c                spin_lock_claim_unused
 .text.set_raw_irq_handler_and_unlock
                0x000000001000066c       0x28 CMakeFiles/new_gps.dir/Users/grubowski/Documents/Important_Folders/School/OSU_School_Work/Winter_2023_Quarter/pico/pico-sdk/src/rp2_common/hardware_irq/irq.c.obj
 .text.make_branch
                0x0000000010000694       0x48 CMakeFiles/new_gps.dir/Users/grubowski/Documents/Important_Folders/School/OSU_School_Work/Winter_2023_Quarter/pico/pico-sdk/src/rp2_common/hardware_irq/irq.c.obj
 .text.insert_branch_and_link
                0x00000000100006dc       0x40 CMakeFiles/new_gps.dir/Users/grubowski/Documents/Important_Folders/School/OSU_School_Work/Winter_2023_Quarter/pico/pico-sdk/src/rp2_common/hardware_irq/irq.c.obj
 .text.irq_is_enabled
                0x000000001000071c       0x18 CMakeFiles/new_gps.dir/Users/grubowski/Documents/Important_Folders/School/OSU_School_Work/Winter_2023_Quarter/pico/pico-sdk/src/rp2_common/hardware_irq/irq.c.obj
                0x000000001000071c                irq_is_enabled
 .text.irq_set_mask_enabled
                0x0000000010000734       0x20 CMakeFiles/new_gps.dir/Users/grubowski/Documents/Important_Folders/School/OSU_School_Work/Winter_2023_Quarter/pico/pico-sdk/src/rp2_common/hardware_irq/irq.c.obj
                0x0000000010000734                irq_set_mask_enabled
 .text.irq_set_enabled
                0x0000000010000754        0xe CMakeFiles/new_gps.dir/Users/grubowski/Documents/Important_Folders/School/OSU_School_Work/Winter_2023_Quarter/pico/pico-sdk/src/rp2_common/hardware_irq/irq.c.obj
                0x0000000010000754                irq_set_enabled
 *fill*         0x0000000010000762        0x2 
 .text.irq_set_pending
                0x0000000010000764       0x10 CMakeFiles/new_gps.dir/Users/grubowski/Documents/Important_Folders/School/OSU_School_Work/Winter_2023_Quarter/pico/pico-sdk/src/rp2_common/hardware_irq/irq.c.obj
                0x0000000010000764                irq_set_pending
 .text.irq_get_vtable_handler
                0x0000000010000774       0x10 CMakeFiles/new_gps.dir/Users/grubowski/Documents/Important_Folders/School/OSU_School_Work/Winter_2023_Quarter/pico/pico-sdk/src/rp2_common/hardware_irq/irq.c.obj
                0x0000000010000774                irq_get_vtable_handler
 .text.irq_has_shared_handler
                0x0000000010000784       0x24 CMakeFiles/new_gps.dir/Users/grubowski/Documents/Important_Folders/School/OSU_School_Work/Winter_2023_Quarter/pico/pico-sdk/src/rp2_common/hardware_irq/irq.c.obj
                0x0000000010000784                irq_has_shared_handler
 .text.irq_set_exclusive_handler
                0x00000000100007a8       0x54 CMakeFiles/new_gps.dir/Users/grubowski/Documents/Important_Folders/School/OSU_School_Work/Winter_2023_Quarter/pico/pico-sdk/src/rp2_common/hardware_irq/irq.c.obj
                0x00000000100007a8                irq_set_exclusive_handler
 .text.irq_add_shared_handler
                0x00000000100007fc      0x230 CMakeFiles/new_gps.dir/Users/grubowski/Documents/Important_Folders/School/OSU_School_Work/Winter_2023_Quarter/pico/pico-sdk/src/rp2_common/hardware_irq/irq.c.obj
                0x00000000100007fc                irq_add_shared_handler
 .text.irq_remove_handler
                0x0000000010000a2c      0x1a8 CMakeFiles/new_gps.dir/Users/grubowski/Documents/Important_Folders/School/OSU_School_Work/Winter_2023_Quarter/pico/pico-sdk/src/rp2_common/hardware_irq/irq.c.obj
                0x0000000010000a2c                irq_remove_handler
 .text.irq_add_tail_to_free_list
                0x0000000010000bd4       0xf0 CMakeFiles/new_gps.dir/Users/grubowski/Documents/Important_Folders/School/OSU_School_Work/Winter_2023_Quarter/pico/pico-sdk/src/rp2_common/hardware_irq/irq.c.obj
                0x0000000010000bd4                irq_add_tail_to_free_list
 .text.irq_init_priorities
                0x0000000010000cc4       0x1c CMakeFiles/new_gps.dir/Users/grubowski/Documents/Important_Folders/School/OSU_School_Work/Winter_2023_Quarter/pico/pico-sdk/src/rp2_common/hardware_irq/irq.c.obj
                0x0000000010000cc4                irq_init_priorities
 .text.user_irq_claim_unused
                0x0000000010000ce0       0x30 CMakeFiles/new_gps.dir/Users/grubowski/Documents/Important_Folders/School/OSU_School_Work/Winter_2023_Quarter/pico/pico-sdk/src/rp2_common/hardware_irq/irq.c.obj
                0x0000000010000ce0                user_irq_claim_unused
 .text.lock_init
                0x0000000010000d10       0x10 CMakeFiles/new_gps.dir/Users/grubowski/Documents/Important_Folders/School/OSU_School_Work/Winter_2023_Quarter/pico/pico-sdk/src/common/pico_sync/lock_core.c.obj
                0x0000000010000d10                lock_init
 .text.alarm_pool_post_alloc_init
                0x0000000010000d20       0x40 CMakeFiles/new_gps.dir/Users/grubowski/Documents/Important_Folders/School/OSU_School_Work/Winter_2023_Quarter/pico/pico-sdk/src/common/pico_time/time.c.obj
 .text.sleep_until_callback
                0x0000000010000d60       0x30 CMakeFiles/new_gps.dir/Users/grubowski/Documents/Important_Folders/School/OSU_School_Work/Winter_2023_Quarter/pico/pico-sdk/src/common/pico_time/time.c.obj
 .text.timer_pool_entry_comparator
                0x0000000010000d90       0x7c CMakeFiles/new_gps.dir/Users/grubowski/Documents/Important_Folders/School/OSU_School_Work/Winter_2023_Quarter/pico/pico-sdk/src/common/pico_time/time.c.obj
                0x0000000010000d90                timer_pool_entry_comparator
 .text.ph_add_child_node
                0x0000000010000e0c       0xa4 CMakeFiles/new_gps.dir/Users/grubowski/Documents/Important_Folders/School/OSU_School_Work/Winter_2023_Quarter/pico/pico-sdk/src/common/pico_time/time.c.obj
 .text.ph_merge_nodes
                0x0000000010000eb0       0x3e CMakeFiles/new_gps.dir/Users/grubowski/Documents/Important_Folders/School/OSU_School_Work/Winter_2023_Quarter/pico/pico-sdk/src/common/pico_time/time.c.obj
 *fill*         0x0000000010000eee        0x2 
 .text.add_alarm_under_lock
                0x0000000010000ef0      0x174 CMakeFiles/new_gps.dir/Users/grubowski/Documents/Important_Folders/School/OSU_School_Work/Winter_2023_Quarter/pico/pico-sdk/src/common/pico_time/time.c.obj
 .text.alarm_pool_alarm_callback
                0x0000000010001064      0x328 CMakeFiles/new_gps.dir/Users/grubowski/Documents/Important_Folders/School/OSU_School_Work/Winter_2023_Quarter/pico/pico-sdk/src/common/pico_time/time.c.obj
 .text.alarm_pool_init_default
                0x000000001000138c       0x38 CMakeFiles/new_gps.dir/Users/grubowski/Documents/Important_Folders/School/OSU_School_Work/Winter_2023_Quarter/pico/pico-sdk/src/common/pico_time/time.c.obj
                0x000000001000138c                alarm_pool_init_default
 .text.alarm_pool_get_default
                0x00000000100013c4       0x2c CMakeFiles/new_gps.dir/Users/grubowski/Documents/Important_Folders/School/OSU_School_Work/Winter_2023_Quarter/pico/pico-sdk/src/common/pico_time/time.c.obj
                0x00000000100013c4                alarm_pool_get_default
 .text.alarm_pool_add_alarm_at
                0x00000000100013f0      0x170 CMakeFiles/new_gps.dir/Users/grubowski/Documents/Important_Folders/School/OSU_School_Work/Winter_2023_Quarter/pico/pico-sdk/src/common/pico_time/time.c.obj
                0x00000000100013f0                alarm_pool_add_alarm_at
 .text.alarm_pool_cancel_alarm
                0x0000000010001560       0xf0 CMakeFiles/new_gps.dir/Users/grubowski/Documents/Important_Folders/School/OSU_School_Work/Winter_2023_Quarter/pico/pico-sdk/src/common/pico_time/time.c.obj
                0x0000000010001560                alarm_pool_cancel_alarm
 .text.sleep_until
                0x0000000010001650       0xfc CMakeFiles/new_gps.dir/Users/grubowski/Documents/Important_Folders/School/OSU_School_Work/Winter_2023_Quarter/pico/pico-sdk/src/common/pico_time/time.c.obj
                0x0000000010001650                sleep_until
 .text.sleep_us
                0x000000001000174c       0x58 CMakeFiles/new_gps.dir/Users/grubowski/Documents/Important_Folders/School/OSU_School_Work/Winter_2023_Quarter/pico/pico-sdk/src/common/pico_time/time.c.obj
                0x000000001000174c                sleep_us
 .text.sleep_ms
                0x00000000100017a4       0x14 CMakeFiles/new_gps.dir/Users/grubowski/Documents/Important_Folders/School/OSU_School_Work/Winter_2023_Quarter/pico/pico-sdk/src/common/pico_time/time.c.obj
                0x00000000100017a4                sleep_ms
 .text.best_effort_wfe_or_timeout
                0x00000000100017b8       0x80 CMakeFiles/new_gps.dir/Users/grubowski/Documents/Important_Folders/School/OSU_School_Work/Winter_2023_Quarter/pico/pico-sdk/src/common/pico_time/time.c.obj
                0x00000000100017b8                best_effort_wfe_or_timeout
 .text.hardware_alarm_irq_handler
                0x0000000010001838       0x8c CMakeFiles/new_gps.dir/Users/grubowski/Documents/Important_Folders/School/OSU_School_Work/Winter_2023_Quarter/pico/pico-sdk/src/rp2_common/hardware_timer/timer.c.obj
 .text.hardware_alarm_claim
                0x00000000100018c4       0x18 CMakeFiles/new_gps.dir/Users/grubowski/Documents/Important_Folders/School/OSU_School_Work/Winter_2023_Quarter/pico/pico-sdk/src/rp2_common/hardware_timer/timer.c.obj
                0x00000000100018c4                hardware_alarm_claim
 .text.time_us_64
                0x00000000100018dc       0x18 CMakeFiles/new_gps.dir/Users/grubowski/Documents/Important_Folders/School/OSU_School_Work/Winter_2023_Quarter/pico/pico-sdk/src/rp2_common/hardware_timer/timer.c.obj
                0x00000000100018dc                time_us_64
 .text.busy_wait_until
                0x00000000100018f4       0x28 CMakeFiles/new_gps.dir/Users/grubowski/Documents/Important_Folders/School/OSU_School_Work/Winter_2023_Quarter/pico/pico-sdk/src/rp2_common/hardware_timer/timer.c.obj
                0x00000000100018f4                busy_wait_until
 .text.busy_wait_us
                0x000000001000191c       0x48 CMakeFiles/new_gps.dir/Users/grubowski/Documents/Important_Folders/School/OSU_School_Work/Winter_2023_Quarter/pico/pico-sdk/src/rp2_common/hardware_timer/timer.c.obj
                0x000000001000191c                busy_wait_us
 .text.hardware_alarm_set_callback
                0x0000000010001964       0x90 CMakeFiles/new_gps.dir/Users/grubowski/Documents/Important_Folders/School/OSU_School_Work/Winter_2023_Quarter/pico/pico-sdk/src/rp2_common/hardware_timer/timer.c.obj
                0x0000000010001964                hardware_alarm_set_callback
 .text.hardware_alarm_set_target
                0x00000000100019f4       0xe8 CMakeFiles/new_gps.dir/Users/grubowski/Documents/Important_Folders/School/OSU_School_Work/Winter_2023_Quarter/pico/pico-sdk/src/rp2_common/hardware_timer/timer.c.obj
                0x00000000100019f4                hardware_alarm_set_target
 .text.hardware_alarm_cancel
                0x0000000010001adc       0x40 CMakeFiles/new_gps.dir/Users/grubowski/Documents/Important_Folders/School/OSU_School_Work/Winter_2023_Quarter/pico/pico-sdk/src/rp2_common/hardware_timer/timer.c.obj
                0x0000000010001adc                hardware_alarm_cancel
 .text.ph_add_child_node
                0x0000000010001b1c       0xa4 CMakeFiles/new_gps.dir/Users/grubowski/Documents/Important_Folders/School/OSU_School_Work/Winter_2023_Quarter/pico/pico-sdk/src/common/pico_util/pheap.c.obj
 .text.ph_merge_nodes
                0x0000000010001bc0       0x3e CMakeFiles/new_gps.dir/Users/grubowski/Documents/Important_Folders/School/OSU_School_Work/Winter_2023_Quarter/pico/pico-sdk/src/common/pico_util/pheap.c.obj
 *fill*         0x0000000010001bfe        0x2 
 .text.ph_clear
                0x0000000010001c00       0x70 CMakeFiles/new_gps.dir/Users/grubowski/Documents/Important_Folders/School/OSU_School_Work/Winter_2023_Quarter/pico/pico-sdk/src/common/pico_util/pheap.c.obj
                0x0000000010001c00                ph_clear
 .text.ph_post_alloc_init
                0x0000000010001c70        0xe CMakeFiles/new_gps.dir/Users/grubowski/Documents/Important_Folders/School/OSU_School_Work/Winter_2023_Quarter/pico/pico-sdk/src/common/pico_util/pheap.c.obj
                0x0000000010001c70                ph_post_alloc_init
 *fill*         0x0000000010001c7e        0x2 
 .text.ph_merge_two_pass
                0x0000000010001c80       0xa8 CMakeFiles/new_gps.dir/Users/grubowski/Documents/Important_Folders/School/OSU_School_Work/Winter_2023_Quarter/pico/pico-sdk/src/common/pico_util/pheap.c.obj
                0x0000000010001c80                ph_merge_two_pass
 .text.ph_remove_any_head
                0x0000000010001d28      0x108 CMakeFiles/new_gps.dir/Users/grubowski/Documents/Important_Folders/School/OSU_School_Work/Winter_2023_Quarter/pico/pico-sdk/src/common/pico_util/pheap.c.obj
 .text.ph_remove_head
                0x0000000010001e30       0x14 CMakeFiles/new_gps.dir/Users/grubowski/Documents/Important_Folders/School/OSU_School_Work/Winter_2023_Quarter/pico/pico-sdk/src/common/pico_util/pheap.c.obj
                0x0000000010001e30                ph_remove_head
 .text.ph_remove_and_free_node
                0x0000000010001e44       0xf8 CMakeFiles/new_gps.dir/Users/grubowski/Documents/Important_Folders/School/OSU_School_Work/Winter_2023_Quarter/pico/pico-sdk/src/common/pico_util/pheap.c.obj
                0x0000000010001e44                ph_remove_and_free_node
 .text.mutex_init
                0x0000000010001f3c       0x1a CMakeFiles/new_gps.dir/Users/grubowski/Documents/Important_Folders/School/OSU_School_Work/Winter_2023_Quarter/pico/pico-sdk/src/common/pico_sync/mutex.c.obj
                0x0000000010001f3c                mutex_init
 .text.recursive_mutex_init
                0x0000000010001f56       0x1e CMakeFiles/new_gps.dir/Users/grubowski/Documents/Important_Folders/School/OSU_School_Work/Winter_2023_Quarter/pico/pico-sdk/src/common/pico_sync/mutex.c.obj
                0x0000000010001f56                recursive_mutex_init
 .text.critical_section_init_with_lock_num
                0x0000000010001f74       0x14 CMakeFiles/new_gps.dir/Users/grubowski/Documents/Important_Folders/School/OSU_School_Work/Winter_2023_Quarter/pico/pico-sdk/src/common/pico_sync/critical_section.c.obj
                0x0000000010001f74                critical_section_init_with_lock_num
 .text.critical_section_init
                0x0000000010001f88       0x14 CMakeFiles/new_gps.dir/Users/grubowski/Documents/Important_Folders/School/OSU_School_Work/Winter_2023_Quarter/pico/pico-sdk/src/common/pico_sync/critical_section.c.obj
                0x0000000010001f88                critical_section_init
 .text.uart_set_baudrate
                0x0000000010001f9c       0x5c CMakeFiles/new_gps.dir/Users/grubowski/Documents/Important_Folders/School/OSU_School_Work/Winter_2023_Quarter/pico/pico-sdk/src/rp2_common/hardware_uart/uart.c.obj
                0x0000000010001f9c                uart_set_baudrate
 .text.uart_set_translate_crlf
                0x0000000010001ff8       0x28 CMakeFiles/new_gps.dir/Users/grubowski/Documents/Important_Folders/School/OSU_School_Work/Winter_2023_Quarter/pico/pico-sdk/src/rp2_common/hardware_uart/uart.c.obj
                0x0000000010001ff8                uart_set_translate_crlf
 .text.uart_init
                0x0000000010002020       0x80 CMakeFiles/new_gps.dir/Users/grubowski/Documents/Important_Folders/School/OSU_School_Work/Winter_2023_Quarter/pico/pico-sdk/src/rp2_common/hardware_uart/uart.c.obj
                0x0000000010002020                uart_init
 .text._exit    0x00000000100020a0        0x4 CMakeFiles/new_gps.dir/Users/grubowski/Documents/Important_Folders/School/OSU_School_Work/Winter_2023_Quarter/pico/pico-sdk/src/rp2_common/pico_runtime/runtime.c.obj
                0x00000000100020a0                _exit
 .text._sbrk    0x00000000100020a4       0x38 CMakeFiles/new_gps.dir/Users/grubowski/Documents/Important_Folders/School/OSU_School_Work/Winter_2023_Quarter/pico/pico-sdk/src/rp2_common/pico_runtime/runtime.c.obj
                0x00000000100020a4                _sbrk
 .text.exit     0x00000000100020dc        0x6 CMakeFiles/new_gps.dir/Users/grubowski/Documents/Important_Folders/School/OSU_School_Work/Winter_2023_Quarter/pico/pico-sdk/src/rp2_common/pico_runtime/runtime.c.obj
                0x00000000100020dc                exit
 *fill*         0x00000000100020e2        0x2 
 .text.__assert_func
                0x00000000100020e4       0x3c CMakeFiles/new_gps.dir/Users/grubowski/Documents/Important_Folders/School/OSU_School_Work/Winter_2023_Quarter/pico/pico-sdk/src/rp2_common/pico_runtime/runtime.c.obj
                0x00000000100020e4                __assert_func
 .text.runtime_init
                0x0000000010002120       0xf8 CMakeFiles/new_gps.dir/Users/grubowski/Documents/Important_Folders/School/OSU_School_Work/Winter_2023_Quarter/pico/pico-sdk/src/rp2_common/pico_runtime/runtime.c.obj
                0x0000000010002120                runtime_init
 .text.panic    0x0000000010002218       0x30 CMakeFiles/new_gps.dir/Users/grubowski/Documents/Important_Folders/School/OSU_School_Work/Winter_2023_Quarter/pico/pico-sdk/src/rp2_common/pico_runtime/runtime.c.obj
                0x0000000010002218                panic
 .text.clock_configure
                0x0000000010002248      0x104 CMakeFiles/new_gps.dir/Users/grubowski/Documents/Important_Folders/School/OSU_School_Work/Winter_2023_Quarter/pico/pico-sdk/src/rp2_common/hardware_clocks/clocks.c.obj
                0x0000000010002248                clock_configure
 .text.clocks_init
                0x000000001000234c      0x100 CMakeFiles/new_gps.dir/Users/grubowski/Documents/Important_Folders/School/OSU_School_Work/Winter_2023_Quarter/pico/pico-sdk/src/rp2_common/hardware_clocks/clocks.c.obj
                0x000000001000234c                clocks_init
 .text.clock_get_hz
                0x000000001000244c        0xc CMakeFiles/new_gps.dir/Users/grubowski/Documents/Important_Folders/School/OSU_School_Work/Winter_2023_Quarter/pico/pico-sdk/src/rp2_common/hardware_clocks/clocks.c.obj
                0x000000001000244c                clock_get_hz
 .text.pll_init
                0x0000000010002458      0x140 CMakeFiles/new_gps.dir/Users/grubowski/Documents/Important_Folders/School/OSU_School_Work/Winter_2023_Quarter/pico/pico-sdk/src/rp2_common/hardware_pll/pll.c.obj
                0x0000000010002458                pll_init
 .text.watchdog_start_tick
                0x0000000010002598       0x10 CMakeFiles/new_gps.dir/Users/grubowski/Documents/Important_Folders/School/OSU_School_Work/Winter_2023_Quarter/pico/pico-sdk/src/rp2_common/hardware_watchdog/watchdog.c.obj
                0x0000000010002598                watchdog_start_tick
 .text.watchdog_update
                0x00000000100025a8       0x14 CMakeFiles/new_gps.dir/Users/grubowski/Documents/Important_Folders/School/OSU_School_Work/Winter_2023_Quarter/pico/pico-sdk/src/rp2_common/hardware_watchdog/watchdog.c.obj
                0x00000000100025a8                watchdog_update
 .text._watchdog_enable
                0x00000000100025bc       0x78 CMakeFiles/new_gps.dir/Users/grubowski/Documents/Important_Folders/School/OSU_School_Work/Winter_2023_Quarter/pico/pico-sdk/src/rp2_common/hardware_watchdog/watchdog.c.obj
                0x00000000100025bc                _watchdog_enable
 .text.watchdog_reboot
                0x0000000010002634       0x48 CMakeFiles/new_gps.dir/Users/grubowski/Documents/Important_Folders/School/OSU_School_Work/Winter_2023_Quarter/pico/pico-sdk/src/rp2_common/hardware_watchdog/watchdog.c.obj
                0x0000000010002634                watchdog_reboot
 .text.xosc_init
                0x000000001000267c       0x28 CMakeFiles/new_gps.dir/Users/grubowski/Documents/Important_Folders/School/OSU_School_Work/Winter_2023_Quarter/pico/pico-sdk/src/rp2_common/hardware_xosc/xosc.c.obj
                0x000000001000267c                xosc_init
 .text._out_buffer
                0x00000000100026a4        0x8 CMakeFiles/new_gps.dir/Users/grubowski/Documents/Important_Folders/School/OSU_School_Work/Winter_2023_Quarter/pico/pico-sdk/src/rp2_common/pico_printf/printf.c.obj
 .text._out_null
                0x00000000100026ac        0x2 CMakeFiles/new_gps.dir/Users/grubowski/Documents/Important_Folders/School/OSU_School_Work/Winter_2023_Quarter/pico/pico-sdk/src/rp2_common/pico_printf/printf.c.obj
 .text._out_fct
                0x00000000100026ae        0xe CMakeFiles/new_gps.dir/Users/grubowski/Documents/Important_Folders/School/OSU_School_Work/Winter_2023_Quarter/pico/pico-sdk/src/rp2_common/pico_printf/printf.c.obj
 .text._atoi    0x00000000100026bc       0x24 CMakeFiles/new_gps.dir/Users/grubowski/Documents/Important_Folders/School/OSU_School_Work/Winter_2023_Quarter/pico/pico-sdk/src/rp2_common/pico_printf/printf.c.obj
 .text._out_rev
                0x00000000100026e0       0xae CMakeFiles/new_gps.dir/Users/grubowski/Documents/Important_Folders/School/OSU_School_Work/Winter_2023_Quarter/pico/pico-sdk/src/rp2_common/pico_printf/printf.c.obj
 .text._ntoa_format
                0x000000001000278e      0x112 CMakeFiles/new_gps.dir/Users/grubowski/Documents/Important_Folders/School/OSU_School_Work/Winter_2023_Quarter/pico/pico-sdk/src/rp2_common/pico_printf/printf.c.obj
 .text._ntoa_long
                0x00000000100028a0       0xbc CMakeFiles/new_gps.dir/Users/grubowski/Documents/Important_Folders/School/OSU_School_Work/Winter_2023_Quarter/pico/pico-sdk/src/rp2_common/pico_printf/printf.c.obj
 .text._ntoa_long_long
                0x000000001000295c       0xe2 CMakeFiles/new_gps.dir/Users/grubowski/Documents/Important_Folders/School/OSU_School_Work/Winter_2023_Quarter/pico/pico-sdk/src/rp2_common/pico_printf/printf.c.obj
 *fill*         0x0000000010002a3e        0x2 
 .text._etoa    0x0000000010002a40      0x414 CMakeFiles/new_gps.dir/Users/grubowski/Documents/Important_Folders/School/OSU_School_Work/Winter_2023_Quarter/pico/pico-sdk/src/rp2_common/pico_printf/printf.c.obj
 .text._ftoa    0x0000000010002e54      0x354 CMakeFiles/new_gps.dir/Users/grubowski/Documents/Important_Folders/School/OSU_School_Work/Winter_2023_Quarter/pico/pico-sdk/src/rp2_common/pico_printf/printf.c.obj
 .text._vsnprintf
                0x00000000100031a8      0x624 CMakeFiles/new_gps.dir/Users/grubowski/Documents/Important_Folders/School/OSU_School_Work/Winter_2023_Quarter/pico/pico-sdk/src/rp2_common/pico_printf/printf.c.obj
 .text.__wrap_sprintf
                0x00000000100037cc       0x28 CMakeFiles/new_gps.dir/Users/grubowski/Documents/Important_Folders/School/OSU_School_Work/Winter_2023_Quarter/pico/pico-sdk/src/rp2_common/pico_printf/printf.c.obj
                0x00000000100037cc                __wrap_sprintf
 .text.vfctprintf
                0x00000000100037f4       0x20 CMakeFiles/new_gps.dir/Users/grubowski/Documents/Important_Folders/School/OSU_School_Work/Winter_2023_Quarter/pico/pico-sdk/src/rp2_common/pico_printf/printf.c.obj
                0x00000000100037f4                vfctprintf
 .text          0x0000000010003814       0x10 CMakeFiles/new_gps.dir/Users/grubowski/Documents/Important_Folders/School/OSU_School_Work/Winter_2023_Quarter/pico/pico-sdk/src/rp2_common/pico_bit_ops/bit_ops_aeabi.S.obj
 .text.rom_func_lookup
                0x0000000010003824       0x10 CMakeFiles/new_gps.dir/Users/grubowski/Documents/Important_Folders/School/OSU_School_Work/Winter_2023_Quarter/pico/pico-sdk/src/rp2_common/pico_bootrom/bootrom.c.obj
                0x0000000010003824                rom_func_lookup
 .text.rom_data_lookup
                0x0000000010003834       0x10 CMakeFiles/new_gps.dir/Users/grubowski/Documents/Important_Folders/School/OSU_School_Work/Winter_2023_Quarter/pico/pico-sdk/src/rp2_common/pico_bootrom/bootrom.c.obj
                0x0000000010003834                rom_data_lookup
 .text.rom_funcs_lookup
                0x0000000010003844       0x36 CMakeFiles/new_gps.dir/Users/grubowski/Documents/Important_Folders/School/OSU_School_Work/Winter_2023_Quarter/pico/pico-sdk/src/rp2_common/pico_bootrom/bootrom.c.obj
                0x0000000010003844                rom_funcs_lookup
 *fill*         0x000000001000387a        0x2 
 .text.__wrap___aeabi_idiv
                0x000000001000387c       0x50 CMakeFiles/new_gps.dir/Users/grubowski/Documents/Important_Folders/School/OSU_School_Work/Winter_2023_Quarter/pico/pico-sdk/src/rp2_common/pico_divider/divider.S.obj
                0x000000001000387c                __wrap___aeabi_idivmod
                0x000000001000387c                divmod_s32s32
                0x000000001000387c                div_s32s32
                0x000000001000387c                __wrap___aeabi_idiv
                0x0000000010003884                divmod_s32s32_unsafe
                0x00000000100038b0                divmod_s32s32_savestate
 .text.__wrap___aeabi_uidiv
                0x00000000100038cc       0x4c CMakeFiles/new_gps.dir/Users/grubowski/Documents/Important_Folders/School/OSU_School_Work/Winter_2023_Quarter/pico/pico-sdk/src/rp2_common/pico_divider/divider.S.obj
                0x00000000100038cc                __wrap___aeabi_uidiv
                0x00000000100038cc                __wrap___aeabi_uidivmod
                0x00000000100038cc                div_u32u32
                0x00000000100038cc                divmod_u32u32
                0x00000000100038d4                divmod_u32u32_unsafe
                0x00000000100038fc                divmod_u32u32_savestate
 .text.__wrap___aeabi_ldiv
                0x0000000010003918      0x434 CMakeFiles/new_gps.dir/Users/grubowski/Documents/Important_Folders/School/OSU_School_Work/Winter_2023_Quarter/pico/pico-sdk/src/rp2_common/pico_divider/divider.S.obj
                0x0000000010003918                __wrap___aeabi_ldivmod
                0x0000000010003918                div_s64s64
                0x0000000010003918                divmod_s64s64
                0x0000000010003950                divmod_u64u64
                0x0000000010003950                div_u64u64
                0x0000000010003950                __wrap___aeabi_uldivmod
                0x0000000010003960                divmod_u64u64_savestate
                0x0000000010003988                divmod_s64s64_unsafe
                0x0000000010003a10                divmod_u64u64_unsafe
 .text.__wrap___aeabi_darithmetic
                0x0000000010003d4c       0x80 CMakeFiles/new_gps.dir/Users/grubowski/Documents/Important_Folders/School/OSU_School_Work/Winter_2023_Quarter/pico/pico-sdk/src/rp2_common/pico_double/double_aeabi.S.obj
                0x0000000010003d4c                __wrap___aeabi_drsub
                0x0000000010003d52                __wrap___aeabi_dsub
                0x0000000010003d64                __wrap___aeabi_dadd
                0x0000000010003d76                __wrap___aeabi_ddiv
                0x0000000010003db2                __wrap___aeabi_dmul
 .text.__wrap___aeabi_cdcmple
                0x0000000010003dcc       0x6c CMakeFiles/new_gps.dir/Users/grubowski/Documents/Important_Folders/School/OSU_School_Work/Winter_2023_Quarter/pico/pico-sdk/src/rp2_common/pico_double/double_aeabi.S.obj
                0x0000000010003dcc                __wrap___aeabi_cdrcmple
                0x0000000010003ddc                __wrap___aeabi_cdcmple
                0x0000000010003ddc                __wrap___aeabi_cdcmpeq
 .text.__wrap___aeabi_dcmpeq
                0x0000000010003e38       0x10 CMakeFiles/new_gps.dir/Users/grubowski/Documents/Important_Folders/School/OSU_School_Work/Winter_2023_Quarter/pico/pico-sdk/src/rp2_common/pico_double/double_aeabi.S.obj
                0x0000000010003e38                __wrap___aeabi_dcmpeq
 .text.__wrap___aeabi_dcmplt
                0x0000000010003e48        0xc CMakeFiles/new_gps.dir/Users/grubowski/Documents/Important_Folders/School/OSU_School_Work/Winter_2023_Quarter/pico/pico-sdk/src/rp2_common/pico_double/double_aeabi.S.obj
                0x0000000010003e48                __wrap___aeabi_dcmplt
 .text.__wrap___aeabi_dcmple
                0x0000000010003e54       0x10 CMakeFiles/new_gps.dir/Users/grubowski/Documents/Important_Folders/School/OSU_School_Work/Winter_2023_Quarter/pico/pico-sdk/src/rp2_common/pico_double/double_aeabi.S.obj
                0x0000000010003e54                __wrap___aeabi_dcmple
 .text.__wrap___aeabi_dcmpge
                0x0000000010003e64       0x10 CMakeFiles/new_gps.dir/Users/grubowski/Documents/Important_Folders/School/OSU_School_Work/Winter_2023_Quarter/pico/pico-sdk/src/rp2_common/pico_double/double_aeabi.S.obj
                0x0000000010003e64                __wrap___aeabi_dcmpge
 .text.__wrap___aeabi_dcmpgt
                0x0000000010003e74        0xa CMakeFiles/new_gps.dir/Users/grubowski/Documents/Important_Folders/School/OSU_School_Work/Winter_2023_Quarter/pico/pico-sdk/src/rp2_common/pico_double/double_aeabi.S.obj
                0x0000000010003e74                __wrap___aeabi_dcmpgt
 .text.__wrap___aeabi_dcmpun
                0x0000000010003e7e       0x1c CMakeFiles/new_gps.dir/Users/grubowski/Documents/Important_Folders/School/OSU_School_Work/Winter_2023_Quarter/pico/pico-sdk/src/rp2_common/pico_double/double_aeabi.S.obj
                0x0000000010003e7e                __wrap___aeabi_dcmpun
 *fill*         0x0000000010003e9a        0x2 
 .text.__wrap___aeabi_i2d
                0x0000000010003e9c       0x38 CMakeFiles/new_gps.dir/Users/grubowski/Documents/Important_Folders/School/OSU_School_Work/Winter_2023_Quarter/pico/pico-sdk/src/rp2_common/pico_double/double_aeabi.S.obj
                0x0000000010003e9c                __wrap___aeabi_ui2d
                0x0000000010003ea4                __wrap___aeabi_i2d
 .text.__wrap___aeabi_d2iz
                0x0000000010003ed4       0x48 CMakeFiles/new_gps.dir/Users/grubowski/Documents/Important_Folders/School/OSU_School_Work/Winter_2023_Quarter/pico/pico-sdk/src/rp2_common/pico_double/double_aeabi.S.obj
                0x0000000010003ed4                __wrap___aeabi_d2iz
                0x0000000010003ed4                double2int_z
 .text.__wrap___aeabi_d2uiz
                0x0000000010003f1c       0x18 CMakeFiles/new_gps.dir/Users/grubowski/Documents/Important_Folders/School/OSU_School_Work/Winter_2023_Quarter/pico/pico-sdk/src/rp2_common/pico_double/double_aeabi.S.obj
                0x0000000010003f1c                double2uint
                0x0000000010003f1c                __wrap___aeabi_d2uiz
 .text.__wrap___aeabi_l2d
                0x0000000010003f34       0x18 CMakeFiles/new_gps.dir/Users/grubowski/Documents/Important_Folders/School/OSU_School_Work/Winter_2023_Quarter/pico/pico-sdk/src/rp2_common/pico_double/double_aeabi.S.obj
                0x0000000010003f34                __wrap___aeabi_l2d
 .text.__wrap___aeabi_d2lz
                0x0000000010003f4c       0x26 CMakeFiles/new_gps.dir/Users/grubowski/Documents/Important_Folders/School/OSU_School_Work/Winter_2023_Quarter/pico/pico-sdk/src/rp2_common/pico_double/double_aeabi.S.obj
                0x0000000010003f4c                __wrap___aeabi_d2lz
                0x0000000010003f4c                double2int64_z
 *fill*         0x0000000010003f72        0x2 
 .text.double2int64
                0x0000000010003f74       0x18 CMakeFiles/new_gps.dir/Users/grubowski/Documents/Important_Folders/School/OSU_School_Work/Winter_2023_Quarter/pico/pico-sdk/src/rp2_common/pico_double/double_aeabi.S.obj
                0x0000000010003f74                double2int64
 .text.double2ufix64
                0x0000000010003f8c       0x18 CMakeFiles/new_gps.dir/Users/grubowski/Documents/Important_Folders/School/OSU_School_Work/Winter_2023_Quarter/pico/pico-sdk/src/rp2_common/pico_double/double_aeabi.S.obj
                0x0000000010003f8c                double2ufix64
 .text.__wrap___aeabi_d2f
                0x0000000010003fa4       0x18 CMakeFiles/new_gps.dir/Users/grubowski/Documents/Important_Folders/School/OSU_School_Work/Winter_2023_Quarter/pico/pico-sdk/src/rp2_common/pico_double/double_aeabi.S.obj
                0x0000000010003fa4                __wrap___aeabi_d2f
 .text.__aeabi_double_init
                0x0000000010003fbc       0xc8 CMakeFiles/new_gps.dir/Users/grubowski/Documents/Important_Folders/School/OSU_School_Work/Winter_2023_Quarter/pico/pico-sdk/src/rp2_common/pico_double/double_init_rom.c.obj
                0x0000000010003fbc                __aeabi_double_init
 .text.double_table_shim_on_use_helper
                0x0000000010004084       0x34 CMakeFiles/new_gps.dir/Users/grubowski/Documents/Important_Folders/School/OSU_School_Work/Winter_2023_Quarter/pico/pico-sdk/src/rp2_common/pico_double/double_v1_rom_shim.S.obj
                0x0000000010004084                double_table_shim_on_use_helper
 .text.__wrap___aeabi_dsub
                0x00000000100040b8       0x10 CMakeFiles/new_gps.dir/Users/grubowski/Documents/Important_Folders/School/OSU_School_Work/Winter_2023_Quarter/pico/pico-sdk/src/rp2_common/pico_double/double_v1_rom_shim.S.obj
                0x00000000100040b8                drsub_shim
                0x00000000100040be                dsub_shim
 .text.dadd_shim
                0x00000000100040c8      0x15c CMakeFiles/new_gps.dir/Users/grubowski/Documents/Important_Folders/School/OSU_School_Work/Winter_2023_Quarter/pico/pico-sdk/src/rp2_common/pico_double/double_v1_rom_shim.S.obj
                0x00000000100040c8                dadd_shim
 .text.dmul_shim
                0x0000000010004224      0x15c CMakeFiles/new_gps.dir/Users/grubowski/Documents/Important_Folders/School/OSU_School_Work/Winter_2023_Quarter/pico/pico-sdk/src/rp2_common/pico_double/double_v1_rom_shim.S.obj
                0x0000000010004224                dmul_shim
 .text.ddiv_shim
                0x0000000010004380      0x1b0 CMakeFiles/new_gps.dir/Users/grubowski/Documents/Important_Folders/School/OSU_School_Work/Winter_2023_Quarter/pico/pico-sdk/src/rp2_common/pico_double/double_v1_rom_shim.S.obj
                0x0000000010004380                ddiv_shim
 .text.double2uint_shim
                0x0000000010004530        0xe CMakeFiles/new_gps.dir/Users/grubowski/Documents/Important_Folders/School/OSU_School_Work/Winter_2023_Quarter/pico/pico-sdk/src/rp2_common/pico_double/double_v1_rom_shim.S.obj
                0x0000000010004530                double2uint_shim
                0x0000000010004532                double2ufix_shim
 .text.double2int64_shim
                0x000000001000453e       0x1a CMakeFiles/new_gps.dir/Users/grubowski/Documents/Important_Folders/School/OSU_School_Work/Winter_2023_Quarter/pico/pico-sdk/src/rp2_common/pico_double/double_v1_rom_shim.S.obj
                0x000000001000453e                double2int64_shim
                0x0000000010004540                double2fix64_shim
 .text.double2uint64_shim
                0x0000000010004558       0x70 CMakeFiles/new_gps.dir/Users/grubowski/Documents/Important_Folders/School/OSU_School_Work/Winter_2023_Quarter/pico/pico-sdk/src/rp2_common/pico_double/double_v1_rom_shim.S.obj
                0x0000000010004558                double2uint64_shim
                0x000000001000455a                double2ufix64_shim
                0x000000001000457a                d2fix_a
 .text.double2float_shim
                0x00000000100045c8       0x5c CMakeFiles/new_gps.dir/Users/grubowski/Documents/Important_Folders/School/OSU_School_Work/Winter_2023_Quarter/pico/pico-sdk/src/rp2_common/pico_double/double_v1_rom_shim.S.obj
                0x00000000100045c8                double2float_shim
 .text.x2double_shims
                0x0000000010004624       0x90 CMakeFiles/new_gps.dir/Users/grubowski/Documents/Important_Folders/School/OSU_School_Work/Winter_2023_Quarter/pico/pico-sdk/src/rp2_common/pico_double/double_v1_rom_shim.S.obj
                0x0000000010004624                uint2double_shim
                0x0000000010004626                ufix2double_shim
                0x000000001000462c                int2double_shim
                0x000000001000462e                fix2double_shim
                0x0000000010004634                uint642double_shim
                0x0000000010004636                ufix642double_shim
                0x000000001000463c                int642double_shim
                0x000000001000463e                fix642double_shim
 .text.dunpacks
                0x00000000100046b4       0x3c CMakeFiles/new_gps.dir/Users/grubowski/Documents/Important_Folders/School/OSU_School_Work/Winter_2023_Quarter/pico/pico-sdk/src/rp2_common/pico_double/double_v1_rom_shim.S.obj
                0x00000000100046b4                dunpacks
 .text.__aeabi_lmul
                0x00000000100046f0       0x32 CMakeFiles/new_gps.dir/Users/grubowski/Documents/Important_Folders/School/OSU_School_Work/Winter_2023_Quarter/pico/pico-sdk/src/rp2_common/pico_int64_ops/pico_int64_ops_aeabi.S.obj
                0x00000000100046f0                __wrap___aeabi_lmul
 *fill*         0x0000000010004722        0x2 
 .text.__aeabi_float_init
                0x0000000010004724       0xfc CMakeFiles/new_gps.dir/Users/grubowski/Documents/Important_Folders/School/OSU_School_Work/Winter_2023_Quarter/pico/pico-sdk/src/rp2_common/pico_float/float_init_rom.c.obj
                0x0000000010004724                __aeabi_float_init
 .text.float_table_shim_on_use_helper
                0x0000000010004820       0x34 CMakeFiles/new_gps.dir/Users/grubowski/Documents/Important_Folders/School/OSU_School_Work/Winter_2023_Quarter/pico/pico-sdk/src/rp2_common/pico_float/float_v1_rom_shim.S.obj
                0x0000000010004820                float_table_shim_on_use_helper
 .text.__wrap_malloc
                0x0000000010004854       0x3c CMakeFiles/new_gps.dir/Users/grubowski/Documents/Important_Folders/School/OSU_School_Work/Winter_2023_Quarter/pico/pico-sdk/src/rp2_common/pico_malloc/pico_malloc.c.obj
                0x0000000010004854                __wrap_malloc
 .text.__wrap_realloc
                0x0000000010004890       0x40 CMakeFiles/new_gps.dir/Users/grubowski/Documents/Important_Folders/School/OSU_School_Work/Winter_2023_Quarter/pico/pico-sdk/src/rp2_common/pico_malloc/pico_malloc.c.obj
                0x0000000010004890                __wrap_realloc
 .text.__wrap_free
                0x00000000100048d0       0x20 CMakeFiles/new_gps.dir/Users/grubowski/Documents/Important_Folders/School/OSU_School_Work/Winter_2023_Quarter/pico/pico-sdk/src/rp2_common/pico_malloc/pico_malloc.c.obj
                0x00000000100048d0                __wrap_free
 .text          0x00000000100048f0       0x10 CMakeFiles/new_gps.dir/Users/grubowski/Documents/Important_Folders/School/OSU_School_Work/Winter_2023_Quarter/pico/pico-sdk/src/rp2_common/pico_mem_ops/mem_ops_aeabi.S.obj
                0x00000000100048f0                __aeabi_mem_init
 .text.memset   0x0000000010004900        0xc CMakeFiles/new_gps.dir/Users/grubowski/Documents/Important_Folders/School/OSU_School_Work/Winter_2023_Quarter/pico/pico-sdk/src/rp2_common/pico_mem_ops/mem_ops_aeabi.S.obj
                0x0000000010004900                __wrap_memset
 .text.memcpy   0x000000001000490c        0xc CMakeFiles/new_gps.dir/Users/grubowski/Documents/Important_Folders/School/OSU_School_Work/Winter_2023_Quarter/pico/pico-sdk/src/rp2_common/pico_mem_ops/mem_ops_aeabi.S.obj
                0x000000001000490c                __wrap___aeabi_memcpy
                0x000000001000490c                __wrap_memcpy
 .text.stdio_out_chars_no_crlf
                0x0000000010004918        0xe CMakeFiles/new_gps.dir/Users/grubowski/Documents/Important_Folders/School/OSU_School_Work/Winter_2023_Quarter/pico/pico-sdk/src/rp2_common/pico_stdio/stdio.c.obj
 *fill*         0x0000000010004926        0x2 
 .text.stdio_out_chars_crlf
                0x0000000010004928       0x80 CMakeFiles/new_gps.dir/Users/grubowski/Documents/Important_Folders/School/OSU_School_Work/Winter_2023_Quarter/pico/pico-sdk/src/rp2_common/pico_stdio/stdio.c.obj
 .text.stdio_stack_buffer_flush
                0x00000000100049a8       0x44 CMakeFiles/new_gps.dir/Users/grubowski/Documents/Important_Folders/School/OSU_School_Work/Winter_2023_Quarter/pico/pico-sdk/src/rp2_common/pico_stdio/stdio.c.obj
 .text.stdio_buffered_printer
                0x00000000100049ec       0x20 CMakeFiles/new_gps.dir/Users/grubowski/Documents/Important_Folders/School/OSU_School_Work/Winter_2023_Quarter/pico/pico-sdk/src/rp2_common/pico_stdio/stdio.c.obj
 .text.stdio_get_until
                0x0000000010004a0c       0x80 CMakeFiles/new_gps.dir/Users/grubowski/Documents/Important_Folders/School/OSU_School_Work/Winter_2023_Quarter/pico/pico-sdk/src/rp2_common/pico_stdio/stdio.c.obj
 .text.stdout_serialize_begin
                0x0000000010004a8c       0x30 CMakeFiles/new_gps.dir/Users/grubowski/Documents/Important_Folders/School/OSU_School_Work/Winter_2023_Quarter/pico/pico-sdk/src/rp2_common/pico_stdio/stdio.c.obj
                0x0000000010004a8c                stdout_serialize_begin
 .text.stdout_serialize_end
                0x0000000010004abc       0x10 CMakeFiles/new_gps.dir/Users/grubowski/Documents/Important_Folders/School/OSU_School_Work/Winter_2023_Quarter/pico/pico-sdk/src/rp2_common/pico_stdio/stdio.c.obj
                0x0000000010004abc                stdout_serialize_end
 .text.stdio_put_string
                0x0000000010004acc       0x98 CMakeFiles/new_gps.dir/Users/grubowski/Documents/Important_Folders/School/OSU_School_Work/Winter_2023_Quarter/pico/pico-sdk/src/rp2_common/pico_stdio/stdio.c.obj
 .text._read    0x0000000010004b64       0x24 CMakeFiles/new_gps.dir/Users/grubowski/Documents/Important_Folders/School/OSU_School_Work/Winter_2023_Quarter/pico/pico-sdk/src/rp2_common/pico_stdio/stdio.c.obj
                0x0000000010004b64                _read
 .text._write   0x0000000010004b88       0x22 CMakeFiles/new_gps.dir/Users/grubowski/Documents/Important_Folders/School/OSU_School_Work/Winter_2023_Quarter/pico/pico-sdk/src/rp2_common/pico_stdio/stdio.c.obj
                0x0000000010004b88                _write
 *fill*         0x0000000010004baa        0x2 
 .text.stdio_set_driver_enabled
                0x0000000010004bac       0x2c CMakeFiles/new_gps.dir/Users/grubowski/Documents/Important_Folders/School/OSU_School_Work/Winter_2023_Quarter/pico/pico-sdk/src/rp2_common/pico_stdio/stdio.c.obj
                0x0000000010004bac                stdio_set_driver_enabled
 .text.stdio_flush
                0x0000000010004bd8       0x20 CMakeFiles/new_gps.dir/Users/grubowski/Documents/Important_Folders/School/OSU_School_Work/Winter_2023_Quarter/pico/pico-sdk/src/rp2_common/pico_stdio/stdio.c.obj
                0x0000000010004bd8                stdio_flush
 .text.__wrap_puts
                0x0000000010004bf8       0x1e CMakeFiles/new_gps.dir/Users/grubowski/Documents/Important_Folders/School/OSU_School_Work/Winter_2023_Quarter/pico/pico-sdk/src/rp2_common/pico_stdio/stdio.c.obj
                0x0000000010004bf8                __wrap_puts
 *fill*         0x0000000010004c16        0x2 
 .text.__wrap_vprintf
                0x0000000010004c18       0x44 CMakeFiles/new_gps.dir/Users/grubowski/Documents/Important_Folders/School/OSU_School_Work/Winter_2023_Quarter/pico/pico-sdk/src/rp2_common/pico_stdio/stdio.c.obj
                0x0000000010004c18                __wrap_vprintf
 .text.__wrap_printf
                0x0000000010004c5c       0x18 CMakeFiles/new_gps.dir/Users/grubowski/Documents/Important_Folders/School/OSU_School_Work/Winter_2023_Quarter/pico/pico-sdk/src/rp2_common/pico_stdio/stdio.c.obj
                0x0000000010004c5c                __wrap_printf
 .text.stdio_init_all
                0x0000000010004c74        0xc CMakeFiles/new_gps.dir/Users/grubowski/Documents/Important_Folders/School/OSU_School_Work/Winter_2023_Quarter/pico/pico-sdk/src/rp2_common/pico_stdio/stdio.c.obj
                0x0000000010004c74                stdio_init_all
 .text.stdio_uart_out_chars
                0x0000000010004c80       0x74 CMakeFiles/new_gps.dir/Users/grubowski/Documents/Important_Folders/School/OSU_School_Work/Winter_2023_Quarter/pico/pico-sdk/src/rp2_common/pico_stdio_uart/stdio_uart.c.obj
 .text.stdio_uart_in_chars
                0x0000000010004cf4       0x58 CMakeFiles/new_gps.dir/Users/grubowski/Documents/Important_Folders/School/OSU_School_Work/Winter_2023_Quarter/pico/pico-sdk/src/rp2_common/pico_stdio_uart/stdio_uart.c.obj
                0x0000000010004cf4                stdio_uart_in_chars
 .text.stdio_uart_init_full
                0x0000000010004d4c       0x3c CMakeFiles/new_gps.dir/Users/grubowski/Documents/Important_Folders/School/OSU_School_Work/Winter_2023_Quarter/pico/pico-sdk/src/rp2_common/pico_stdio_uart/stdio_uart.c.obj
                0x0000000010004d4c                stdio_uart_init_full
 .text.stdio_uart_init
                0x0000000010004d88       0x28 CMakeFiles/new_gps.dir/Users/grubowski/Documents/Important_Folders/School/OSU_School_Work/Winter_2023_Quarter/pico/pico-sdk/src/rp2_common/pico_stdio_uart/stdio_uart.c.obj
                0x0000000010004d88                stdio_uart_init
 .text.resetd_init
                0x0000000010004db0        0x2 CMakeFiles/new_gps.dir/Users/grubowski/Documents/Important_Folders/School/OSU_School_Work/Winter_2023_Quarter/pico/pico-sdk/src/rp2_common/pico_stdio_usb/reset_interface.c.obj
 *fill*         0x0000000010004db2        0x2 
 .text.resetd_reset
                0x0000000010004db4        0xc CMakeFiles/new_gps.dir/Users/grubowski/Documents/Important_Folders/School/OSU_School_Work/Winter_2023_Quarter/pico/pico-sdk/src/rp2_common/pico_stdio_usb/reset_interface.c.obj
 .text.resetd_open
                0x0000000010004dc0       0x34 CMakeFiles/new_gps.dir/Users/grubowski/Documents/Important_Folders/School/OSU_School_Work/Winter_2023_Quarter/pico/pico-sdk/src/rp2_common/pico_stdio_usb/reset_interface.c.obj
 .text.resetd_xfer_cb
                0x0000000010004df4        0x4 CMakeFiles/new_gps.dir/Users/grubowski/Documents/Important_Folders/School/OSU_School_Work/Winter_2023_Quarter/pico/pico-sdk/src/rp2_common/pico_stdio_usb/reset_interface.c.obj
 .text.reset_usb_boot
                0x0000000010004df8       0x18 CMakeFiles/new_gps.dir/Users/grubowski/Documents/Important_Folders/School/OSU_School_Work/Winter_2023_Quarter/pico/pico-sdk/src/rp2_common/pico_stdio_usb/reset_interface.c.obj
 .text.resetd_control_xfer_cb
                0x0000000010004e10       0x5c CMakeFiles/new_gps.dir/Users/grubowski/Documents/Important_Folders/School/OSU_School_Work/Winter_2023_Quarter/pico/pico-sdk/src/rp2_common/pico_stdio_usb/reset_interface.c.obj
 .text.usbd_app_driver_get_cb
                0x0000000010004e6c        0xc CMakeFiles/new_gps.dir/Users/grubowski/Documents/Important_Folders/School/OSU_School_Work/Winter_2023_Quarter/pico/pico-sdk/src/rp2_common/pico_stdio_usb/reset_interface.c.obj
                0x0000000010004e6c                usbd_app_driver_get_cb
 .text.tud_cdc_line_coding_cb
                0x0000000010004e78       0x28 CMakeFiles/new_gps.dir/Users/grubowski/Documents/Important_Folders/School/OSU_School_Work/Winter_2023_Quarter/pico/pico-sdk/src/rp2_common/pico_stdio_usb/reset_interface.c.obj
                0x0000000010004e78                tud_cdc_line_coding_cb
 .text.stdio_usb_in_chars
                0x0000000010004ea0       0x70 CMakeFiles/new_gps.dir/Users/grubowski/Documents/Important_Folders/School/OSU_School_Work/Winter_2023_Quarter/pico/pico-sdk/src/rp2_common/pico_stdio_usb/stdio_usb.c.obj
                0x0000000010004ea0                stdio_usb_in_chars
 .text.low_priority_worker_irq
                0x0000000010004f10       0x20 CMakeFiles/new_gps.dir/Users/grubowski/Documents/Important_Folders/School/OSU_School_Work/Winter_2023_Quarter/pico/pico-sdk/src/rp2_common/pico_stdio_usb/stdio_usb.c.obj
 .text.stdio_usb_out_chars
                0x0000000010004f30       0xd4 CMakeFiles/new_gps.dir/Users/grubowski/Documents/Important_Folders/School/OSU_School_Work/Winter_2023_Quarter/pico/pico-sdk/src/rp2_common/pico_stdio_usb/stdio_usb.c.obj
 .text.timer_task
                0x0000000010005004       0x40 CMakeFiles/new_gps.dir/Users/grubowski/Documents/Important_Folders/School/OSU_School_Work/Winter_2023_Quarter/pico/pico-sdk/src/rp2_common/pico_stdio_usb/stdio_usb.c.obj
 .text.usb_irq  0x0000000010005044       0x10 CMakeFiles/new_gps.dir/Users/grubowski/Documents/Important_Folders/School/OSU_School_Work/Winter_2023_Quarter/pico/pico-sdk/src/rp2_common/pico_stdio_usb/stdio_usb.c.obj
 .text.stdio_usb_init
                0x0000000010005054       0xec CMakeFiles/new_gps.dir/Users/grubowski/Documents/Important_Folders/School/OSU_School_Work/Winter_2023_Quarter/pico/pico-sdk/src/rp2_common/pico_stdio_usb/stdio_usb.c.obj
                0x0000000010005054                stdio_usb_init
 .text.tud_descriptor_device_cb
                0x0000000010005140        0x8 CMakeFiles/new_gps.dir/Users/grubowski/Documents/Important_Folders/School/OSU_School_Work/Winter_2023_Quarter/pico/pico-sdk/src/rp2_common/pico_stdio_usb/stdio_usb_descriptors.c.obj
                0x0000000010005140                tud_descriptor_device_cb
 .text.tud_descriptor_configuration_cb
                0x0000000010005148        0x8 CMakeFiles/new_gps.dir/Users/grubowski/Documents/Important_Folders/School/OSU_School_Work/Winter_2023_Quarter/pico/pico-sdk/src/rp2_common/pico_stdio_usb/stdio_usb_descriptors.c.obj
                0x0000000010005148                tud_descriptor_configuration_cb
 .text.tud_descriptor_string_cb
                0x0000000010005150       0x6c CMakeFiles/new_gps.dir/Users/grubowski/Documents/Important_Folders/School/OSU_School_Work/Winter_2023_Quarter/pico/pico-sdk/src/rp2_common/pico_stdio_usb/stdio_usb_descriptors.c.obj
                0x0000000010005150                tud_descriptor_string_cb
 .text.hw_endpoint_get_by_addr
                0x00000000100051bc       0x18 CMakeFiles/new_gps.dir/Users/grubowski/Documents/Important_Folders/School/OSU_School_Work/Winter_2023_Quarter/pico/pico-sdk/lib/tinyusb/src/portable/raspberrypi/rp2040/dcd_rp2040.c.obj
 .text.reset_ep0_pid
                0x00000000100051d4       0x28 CMakeFiles/new_gps.dir/Users/grubowski/Documents/Important_Folders/School/OSU_School_Work/Winter_2023_Quarter/pico/pico-sdk/lib/tinyusb/src/portable/raspberrypi/rp2040/dcd_rp2040.c.obj
 .text._hw_endpoint_alloc
                0x00000000100051fc       0x70 CMakeFiles/new_gps.dir/Users/grubowski/Documents/Important_Folders/School/OSU_School_Work/Winter_2023_Quarter/pico/pico-sdk/lib/tinyusb/src/portable/raspberrypi/rp2040/dcd_rp2040.c.obj
 .text.hw_endpoint_init
                0x000000001000526c       0x88 CMakeFiles/new_gps.dir/Users/grubowski/Documents/Important_Folders/School/OSU_School_Work/Winter_2023_Quarter/pico/pico-sdk/lib/tinyusb/src/portable/raspberrypi/rp2040/dcd_rp2040.c.obj
 .text.reset_non_control_endpoints
                0x00000000100052f4       0x40 CMakeFiles/new_gps.dir/Users/grubowski/Documents/Important_Folders/School/OSU_School_Work/Winter_2023_Quarter/pico/pico-sdk/lib/tinyusb/src/portable/raspberrypi/rp2040/dcd_rp2040.c.obj
 .text.hw_handle_buff_status
                0x0000000010005334       0x8c CMakeFiles/new_gps.dir/Users/grubowski/Documents/Important_Folders/School/OSU_School_Work/Winter_2023_Quarter/pico/pico-sdk/lib/tinyusb/src/portable/raspberrypi/rp2040/dcd_rp2040.c.obj
 .text.dcd_rp2040_irq
                0x00000000100053c0       0xc0 CMakeFiles/new_gps.dir/Users/grubowski/Documents/Important_Folders/School/OSU_School_Work/Winter_2023_Quarter/pico/pico-sdk/lib/tinyusb/src/portable/raspberrypi/rp2040/dcd_rp2040.c.obj
 .text.hw_endpoint_xfer
                0x0000000010005480       0x14 CMakeFiles/new_gps.dir/Users/grubowski/Documents/Important_Folders/School/OSU_School_Work/Winter_2023_Quarter/pico/pico-sdk/lib/tinyusb/src/portable/raspberrypi/rp2040/dcd_rp2040.c.obj
 .text.dcd_int_enable
                0x0000000010005494       0x2c CMakeFiles/new_gps.dir/Users/grubowski/Documents/Important_Folders/School/OSU_School_Work/Winter_2023_Quarter/pico/pico-sdk/lib/tinyusb/src/portable/raspberrypi/rp2040/dcd_rp2040.c.obj
                0x0000000010005494                dcd_int_enable
 .text.dcd_set_address
                0x00000000100054c0       0x2c CMakeFiles/new_gps.dir/Users/grubowski/Documents/Important_Folders/School/OSU_School_Work/Winter_2023_Quarter/pico/pico-sdk/lib/tinyusb/src/portable/raspberrypi/rp2040/dcd_rp2040.c.obj
                0x00000000100054c0                dcd_set_address
 .text.dcd_connect
                0x00000000100054ec       0x10 CMakeFiles/new_gps.dir/Users/grubowski/Documents/Important_Folders/School/OSU_School_Work/Winter_2023_Quarter/pico/pico-sdk/lib/tinyusb/src/portable/raspberrypi/rp2040/dcd_rp2040.c.obj
                0x00000000100054ec                dcd_connect
 .text.dcd_init
                0x00000000100054fc       0x7c CMakeFiles/new_gps.dir/Users/grubowski/Documents/Important_Folders/School/OSU_School_Work/Winter_2023_Quarter/pico/pico-sdk/lib/tinyusb/src/portable/raspberrypi/rp2040/dcd_rp2040.c.obj
                0x00000000100054fc                dcd_init
 .text.dcd_edpt0_status_complete
                0x0000000010005578       0x1c CMakeFiles/new_gps.dir/Users/grubowski/Documents/Important_Folders/School/OSU_School_Work/Winter_2023_Quarter/pico/pico-sdk/lib/tinyusb/src/portable/raspberrypi/rp2040/dcd_rp2040.c.obj
                0x0000000010005578                dcd_edpt0_status_complete
 .text.dcd_edpt_open
                0x0000000010005594       0x40 CMakeFiles/new_gps.dir/Users/grubowski/Documents/Important_Folders/School/OSU_School_Work/Winter_2023_Quarter/pico/pico-sdk/lib/tinyusb/src/portable/raspberrypi/rp2040/dcd_rp2040.c.obj
                0x0000000010005594                dcd_edpt_open
 .text.dcd_edpt_close_all
                0x00000000100055d4        0x8 CMakeFiles/new_gps.dir/Users/grubowski/Documents/Important_Folders/School/OSU_School_Work/Winter_2023_Quarter/pico/pico-sdk/lib/tinyusb/src/portable/raspberrypi/rp2040/dcd_rp2040.c.obj
                0x00000000100055d4                dcd_edpt_close_all
 .text.dcd_edpt_xfer
                0x00000000100055dc       0x30 CMakeFiles/new_gps.dir/Users/grubowski/Documents/Important_Folders/School/OSU_School_Work/Winter_2023_Quarter/pico/pico-sdk/lib/tinyusb/src/portable/raspberrypi/rp2040/dcd_rp2040.c.obj
                0x00000000100055dc                dcd_edpt_xfer
 .text.dcd_edpt_stall
                0x000000001000560c       0x2c CMakeFiles/new_gps.dir/Users/grubowski/Documents/Important_Folders/School/OSU_School_Work/Winter_2023_Quarter/pico/pico-sdk/lib/tinyusb/src/portable/raspberrypi/rp2040/dcd_rp2040.c.obj
                0x000000001000560c                dcd_edpt_stall
 .text.dcd_edpt_clear_stall
                0x0000000010005638       0x20 CMakeFiles/new_gps.dir/Users/grubowski/Documents/Important_Folders/School/OSU_School_Work/Winter_2023_Quarter/pico/pico-sdk/lib/tinyusb/src/portable/raspberrypi/rp2040/dcd_rp2040.c.obj
                0x0000000010005638                dcd_edpt_clear_stall
 .text.prepare_ep_buffer
                0x0000000010005658       0x70 CMakeFiles/new_gps.dir/Users/grubowski/Documents/Important_Folders/School/OSU_School_Work/Winter_2023_Quarter/pico/pico-sdk/lib/tinyusb/src/portable/raspberrypi/rp2040/rp2040_usb.c.obj
 .text.sync_ep_buffer
                0x00000000100056c8       0x7c CMakeFiles/new_gps.dir/Users/grubowski/Documents/Important_Folders/School/OSU_School_Work/Winter_2023_Quarter/pico/pico-sdk/lib/tinyusb/src/portable/raspberrypi/rp2040/rp2040_usb.c.obj
 .text._hw_endpoint_xfer_sync
                0x0000000010005744       0x28 CMakeFiles/new_gps.dir/Users/grubowski/Documents/Important_Folders/School/OSU_School_Work/Winter_2023_Quarter/pico/pico-sdk/lib/tinyusb/src/portable/raspberrypi/rp2040/rp2040_usb.c.obj
 .text.rp2040_usb_init
                0x000000001000576c       0x4c CMakeFiles/new_gps.dir/Users/grubowski/Documents/Important_Folders/School/OSU_School_Work/Winter_2023_Quarter/pico/pico-sdk/lib/tinyusb/src/portable/raspberrypi/rp2040/rp2040_usb.c.obj
                0x000000001000576c                rp2040_usb_init
 .text.hw_endpoint_reset_transfer
                0x00000000100057b8        0xc CMakeFiles/new_gps.dir/Users/grubowski/Documents/Important_Folders/School/OSU_School_Work/Winter_2023_Quarter/pico/pico-sdk/lib/tinyusb/src/portable/raspberrypi/rp2040/rp2040_usb.c.obj
                0x00000000100057b8                hw_endpoint_reset_transfer
 .text._hw_endpoint_buffer_control_update32
                0x00000000100057c4       0x58 CMakeFiles/new_gps.dir/Users/grubowski/Documents/Important_Folders/School/OSU_School_Work/Winter_2023_Quarter/pico/pico-sdk/lib/tinyusb/src/portable/raspberrypi/rp2040/rp2040_usb.c.obj
                0x00000000100057c4                _hw_endpoint_buffer_control_update32
 .text._hw_endpoint_start_next_buffer
                0x000000001000581c       0x74 CMakeFiles/new_gps.dir/Users/grubowski/Documents/Important_Folders/School/OSU_School_Work/Winter_2023_Quarter/pico/pico-sdk/lib/tinyusb/src/portable/raspberrypi/rp2040/rp2040_usb.c.obj
 .text.hw_endpoint_xfer_start
                0x0000000010005890       0x48 CMakeFiles/new_gps.dir/Users/grubowski/Documents/Important_Folders/School/OSU_School_Work/Winter_2023_Quarter/pico/pico-sdk/lib/tinyusb/src/portable/raspberrypi/rp2040/rp2040_usb.c.obj
                0x0000000010005890                hw_endpoint_xfer_start
 .text.hw_endpoint_xfer_continue
                0x00000000100058d8       0x38 CMakeFiles/new_gps.dir/Users/grubowski/Documents/Important_Folders/School/OSU_School_Work/Winter_2023_Quarter/pico/pico-sdk/lib/tinyusb/src/portable/raspberrypi/rp2040/rp2040_usb.c.obj
                0x00000000100058d8                hw_endpoint_xfer_continue
 .text.configuration_reset
                0x0000000010005910       0x84 CMakeFiles/new_gps.dir/Users/grubowski/Documents/Important_Folders/School/OSU_School_Work/Winter_2023_Quarter/pico/pico-sdk/lib/tinyusb/src/device/usbd.c.obj
 .text.usbd_reset
                0x0000000010005994        0xc CMakeFiles/new_gps.dir/Users/grubowski/Documents/Important_Folders/School/OSU_School_Work/Winter_2023_Quarter/pico/pico-sdk/lib/tinyusb/src/device/usbd.c.obj
 .text.invoke_class_control
                0x00000000100059a0       0x1a CMakeFiles/new_gps.dir/Users/grubowski/Documents/Important_Folders/School/OSU_School_Work/Winter_2023_Quarter/pico/pico-sdk/lib/tinyusb/src/device/usbd.c.obj
 *fill*         0x00000000100059ba        0x2 
 .text.process_set_config
                0x00000000100059bc      0x1b0 CMakeFiles/new_gps.dir/Users/grubowski/Documents/Important_Folders/School/OSU_School_Work/Winter_2023_Quarter/pico/pico-sdk/lib/tinyusb/src/device/usbd.c.obj
 .text.process_get_descriptor
                0x0000000010005b6c       0xec CMakeFiles/new_gps.dir/Users/grubowski/Documents/Important_Folders/School/OSU_School_Work/Winter_2023_Quarter/pico/pico-sdk/lib/tinyusb/src/device/usbd.c.obj
 .text.tud_mounted
                0x0000000010005c58       0x10 CMakeFiles/new_gps.dir/Users/grubowski/Documents/Important_Folders/School/OSU_School_Work/Winter_2023_Quarter/pico/pico-sdk/lib/tinyusb/src/device/usbd.c.obj
                0x0000000010005c58                tud_mounted
 .text.tud_suspended
                0x0000000010005c68       0x10 CMakeFiles/new_gps.dir/Users/grubowski/Documents/Important_Folders/School/OSU_School_Work/Winter_2023_Quarter/pico/pico-sdk/lib/tinyusb/src/device/usbd.c.obj
                0x0000000010005c68                tud_suspended
 .text.tud_inited
                0x0000000010005c78        0xc CMakeFiles/new_gps.dir/Users/grubowski/Documents/Important_Folders/School/OSU_School_Work/Winter_2023_Quarter/pico/pico-sdk/lib/tinyusb/src/device/usbd.c.obj
                0x0000000010005c78                tud_inited
 .text.tud_init
                0x0000000010005c84       0xcc CMakeFiles/new_gps.dir/Users/grubowski/Documents/Important_Folders/School/OSU_School_Work/Winter_2023_Quarter/pico/pico-sdk/lib/tinyusb/src/device/usbd.c.obj
                0x0000000010005c84                tud_init
 .text.dcd_event_handler
                0x0000000010005d50      0x1e0 CMakeFiles/new_gps.dir/Users/grubowski/Documents/Important_Folders/School/OSU_School_Work/Winter_2023_Quarter/pico/pico-sdk/lib/tinyusb/src/device/usbd.c.obj
                0x0000000010005d50                dcd_event_handler
 .text.dcd_event_bus_signal
                0x0000000010005f30       0x26 CMakeFiles/new_gps.dir/Users/grubowski/Documents/Important_Folders/School/OSU_School_Work/Winter_2023_Quarter/pico/pico-sdk/lib/tinyusb/src/device/usbd.c.obj
                0x0000000010005f30                dcd_event_bus_signal
 .text.dcd_event_bus_reset
                0x0000000010005f56       0x2a CMakeFiles/new_gps.dir/Users/grubowski/Documents/Important_Folders/School/OSU_School_Work/Winter_2023_Quarter/pico/pico-sdk/lib/tinyusb/src/device/usbd.c.obj
                0x0000000010005f56                dcd_event_bus_reset
 .text.dcd_event_setup_received
                0x0000000010005f80       0x34 CMakeFiles/new_gps.dir/Users/grubowski/Documents/Important_Folders/School/OSU_School_Work/Winter_2023_Quarter/pico/pico-sdk/lib/tinyusb/src/device/usbd.c.obj
                0x0000000010005f80                dcd_event_setup_received
 .text.dcd_event_xfer_complete
                0x0000000010005fb4       0x44 CMakeFiles/new_gps.dir/Users/grubowski/Documents/Important_Folders/School/OSU_School_Work/Winter_2023_Quarter/pico/pico-sdk/lib/tinyusb/src/device/usbd.c.obj
                0x0000000010005fb4                dcd_event_xfer_complete
 .text.usbd_edpt_open
                0x0000000010005ff8       0x58 CMakeFiles/new_gps.dir/Users/grubowski/Documents/Important_Folders/School/OSU_School_Work/Winter_2023_Quarter/pico/pico-sdk/lib/tinyusb/src/device/usbd.c.obj
                0x0000000010005ff8                usbd_edpt_open
 .text.usbd_open_edpt_pair
                0x0000000010006050       0x8c CMakeFiles/new_gps.dir/Users/grubowski/Documents/Important_Folders/School/OSU_School_Work/Winter_2023_Quarter/pico/pico-sdk/lib/tinyusb/src/device/usbd.c.obj
                0x0000000010006050                usbd_open_edpt_pair
 .text.usbd_edpt_claim
                0x00000000100060dc       0x8c CMakeFiles/new_gps.dir/Users/grubowski/Documents/Important_Folders/School/OSU_School_Work/Winter_2023_Quarter/pico/pico-sdk/lib/tinyusb/src/device/usbd.c.obj
                0x00000000100060dc                usbd_edpt_claim
 .text.usbd_edpt_release
                0x0000000010006168       0x68 CMakeFiles/new_gps.dir/Users/grubowski/Documents/Important_Folders/School/OSU_School_Work/Winter_2023_Quarter/pico/pico-sdk/lib/tinyusb/src/device/usbd.c.obj
                0x0000000010006168                usbd_edpt_release
 .text.usbd_edpt_xfer
                0x00000000100061d0       0x80 CMakeFiles/new_gps.dir/Users/grubowski/Documents/Important_Folders/School/OSU_School_Work/Winter_2023_Quarter/pico/pico-sdk/lib/tinyusb/src/device/usbd.c.obj
                0x00000000100061d0                usbd_edpt_xfer
 .text.usbd_edpt_stall
                0x0000000010006250       0x40 CMakeFiles/new_gps.dir/Users/grubowski/Documents/Important_Folders/School/OSU_School_Work/Winter_2023_Quarter/pico/pico-sdk/lib/tinyusb/src/device/usbd.c.obj
                0x0000000010006250                usbd_edpt_stall
 .text.usbd_edpt_clear_stall
                0x0000000010006290       0x40 CMakeFiles/new_gps.dir/Users/grubowski/Documents/Important_Folders/School/OSU_School_Work/Winter_2023_Quarter/pico/pico-sdk/lib/tinyusb/src/device/usbd.c.obj
                0x0000000010006290                usbd_edpt_clear_stall
 .text.usbd_edpt_stalled
                0x00000000100062d0       0x1c CMakeFiles/new_gps.dir/Users/grubowski/Documents/Important_Folders/School/OSU_School_Work/Winter_2023_Quarter/pico/pico-sdk/lib/tinyusb/src/device/usbd.c.obj
                0x00000000100062d0                usbd_edpt_stalled
 .text.process_control_request
                0x00000000100062ec      0x3b8 CMakeFiles/new_gps.dir/Users/grubowski/Documents/Important_Folders/School/OSU_School_Work/Winter_2023_Quarter/pico/pico-sdk/lib/tinyusb/src/device/usbd.c.obj
 .text.tud_task
                0x00000000100066a4      0x218 CMakeFiles/new_gps.dir/Users/grubowski/Documents/Important_Folders/School/OSU_School_Work/Winter_2023_Quarter/pico/pico-sdk/lib/tinyusb/src/device/usbd.c.obj
                0x00000000100066a4                tud_task
 .text._data_stage_xact
                0x00000000100068bc       0x58 CMakeFiles/new_gps.dir/Users/grubowski/Documents/Important_Folders/School/OSU_School_Work/Winter_2023_Quarter/pico/pico-sdk/lib/tinyusb/src/device/usbd_control.c.obj
 .text.tud_control_status
                0x0000000010006914       0x38 CMakeFiles/new_gps.dir/Users/grubowski/Documents/Important_Folders/School/OSU_School_Work/Winter_2023_Quarter/pico/pico-sdk/lib/tinyusb/src/device/usbd_control.c.obj
                0x0000000010006914                tud_control_status
 .text.tud_control_xfer
                0x000000001000694c       0xa8 CMakeFiles/new_gps.dir/Users/grubowski/Documents/Important_Folders/School/OSU_School_Work/Winter_2023_Quarter/pico/pico-sdk/lib/tinyusb/src/device/usbd_control.c.obj
                0x000000001000694c                tud_control_xfer
 .text.usbd_control_reset
                0x00000000100069f4       0x14 CMakeFiles/new_gps.dir/Users/grubowski/Documents/Important_Folders/School/OSU_School_Work/Winter_2023_Quarter/pico/pico-sdk/lib/tinyusb/src/device/usbd_control.c.obj
                0x00000000100069f4                usbd_control_reset
 .text.usbd_control_set_complete_callback
                0x0000000010006a08        0xc CMakeFiles/new_gps.dir/Users/grubowski/Documents/Important_Folders/School/OSU_School_Work/Winter_2023_Quarter/pico/pico-sdk/lib/tinyusb/src/device/usbd_control.c.obj
                0x0000000010006a08                usbd_control_set_complete_callback
 .text.usbd_control_set_request
                0x0000000010006a14       0x1c CMakeFiles/new_gps.dir/Users/grubowski/Documents/Important_Folders/School/OSU_School_Work/Winter_2023_Quarter/pico/pico-sdk/lib/tinyusb/src/device/usbd_control.c.obj
                0x0000000010006a14                usbd_control_set_request
 .text.usbd_control_xfer_cb
                0x0000000010006a30       0xfc CMakeFiles/new_gps.dir/Users/grubowski/Documents/Important_Folders/School/OSU_School_Work/Winter_2023_Quarter/pico/pico-sdk/lib/tinyusb/src/device/usbd_control.c.obj
                0x0000000010006a30                usbd_control_xfer_cb
 .text._prep_out_transaction
                0x0000000010006b2c       0x46 CMakeFiles/new_gps.dir/Users/grubowski/Documents/Important_Folders/School/OSU_School_Work/Winter_2023_Quarter/pico/pico-sdk/lib/tinyusb/src/class/cdc/cdc_device.c.obj
 *fill*         0x0000000010006b72        0x2 
 .text.tud_cdc_n_connected
                0x0000000010006b74       0x44 CMakeFiles/new_gps.dir/Users/grubowski/Documents/Important_Folders/School/OSU_School_Work/Winter_2023_Quarter/pico/pico-sdk/lib/tinyusb/src/class/cdc/cdc_device.c.obj
                0x0000000010006b74                tud_cdc_n_connected
 .text.tud_cdc_n_available
                0x0000000010006bb8       0x18 CMakeFiles/new_gps.dir/Users/grubowski/Documents/Important_Folders/School/OSU_School_Work/Winter_2023_Quarter/pico/pico-sdk/lib/tinyusb/src/class/cdc/cdc_device.c.obj
                0x0000000010006bb8                tud_cdc_n_available
 .text.tud_cdc_n_read
                0x0000000010006bd0       0x28 CMakeFiles/new_gps.dir/Users/grubowski/Documents/Important_Folders/School/OSU_School_Work/Winter_2023_Quarter/pico/pico-sdk/lib/tinyusb/src/class/cdc/cdc_device.c.obj
                0x0000000010006bd0                tud_cdc_n_read
 .text.tud_cdc_n_write_flush
                0x0000000010006bf8       0xcc CMakeFiles/new_gps.dir/Users/grubowski/Documents/Important_Folders/School/OSU_School_Work/Winter_2023_Quarter/pico/pico-sdk/lib/tinyusb/src/class/cdc/cdc_device.c.obj
                0x0000000010006bf8                tud_cdc_n_write_flush
 .text.tud_cdc_n_write
                0x0000000010006cc4       0x38 CMakeFiles/new_gps.dir/Users/grubowski/Documents/Important_Folders/School/OSU_School_Work/Winter_2023_Quarter/pico/pico-sdk/lib/tinyusb/src/class/cdc/cdc_device.c.obj
                0x0000000010006cc4                tud_cdc_n_write
 .text.tud_cdc_n_write_available
                0x0000000010006cfc       0x1c CMakeFiles/new_gps.dir/Users/grubowski/Documents/Important_Folders/School/OSU_School_Work/Winter_2023_Quarter/pico/pico-sdk/lib/tinyusb/src/class/cdc/cdc_device.c.obj
                0x0000000010006cfc                tud_cdc_n_write_available
 .text.cdcd_init
                0x0000000010006d18       0xbc CMakeFiles/new_gps.dir/Users/grubowski/Documents/Important_Folders/School/OSU_School_Work/Winter_2023_Quarter/pico/pico-sdk/lib/tinyusb/src/class/cdc/cdc_device.c.obj
                0x0000000010006d18                cdcd_init
 .text.cdcd_reset
                0x0000000010006dd4       0x44 CMakeFiles/new_gps.dir/Users/grubowski/Documents/Important_Folders/School/OSU_School_Work/Winter_2023_Quarter/pico/pico-sdk/lib/tinyusb/src/class/cdc/cdc_device.c.obj
                0x0000000010006dd4                cdcd_reset
 .text.cdcd_open
                0x0000000010006e18       0xf8 CMakeFiles/new_gps.dir/Users/grubowski/Documents/Important_Folders/School/OSU_School_Work/Winter_2023_Quarter/pico/pico-sdk/lib/tinyusb/src/class/cdc/cdc_device.c.obj
                0x0000000010006e18                cdcd_open
 .text.cdcd_control_xfer_cb
                0x0000000010006f10      0x134 CMakeFiles/new_gps.dir/Users/grubowski/Documents/Important_Folders/School/OSU_School_Work/Winter_2023_Quarter/pico/pico-sdk/lib/tinyusb/src/class/cdc/cdc_device.c.obj
                0x0000000010006f10                cdcd_control_xfer_cb
 .text.cdcd_xfer_cb
                0x0000000010007044      0x144 CMakeFiles/new_gps.dir/Users/grubowski/Documents/Important_Folders/School/OSU_School_Work/Winter_2023_Quarter/pico/pico-sdk/lib/tinyusb/src/class/cdc/cdc_device.c.obj
                0x0000000010007044                cdcd_xfer_cb
 .text.tusb_init
                0x0000000010007188       0x24 CMakeFiles/new_gps.dir/Users/grubowski/Documents/Important_Folders/School/OSU_School_Work/Winter_2023_Quarter/pico/pico-sdk/lib/tinyusb/src/tusb.c.obj
                0x0000000010007188                tusb_init
 .text.tusb_inited
                0x00000000100071ac        0xe CMakeFiles/new_gps.dir/Users/grubowski/Documents/Important_Folders/School/OSU_School_Work/Winter_2023_Quarter/pico/pico-sdk/lib/tinyusb/src/tusb.c.obj
                0x00000000100071ac                tusb_inited
 *fill*         0x00000000100071ba        0x2 
 .text.tu_edpt_validate
                0x00000000100071bc       0xa8 CMakeFiles/new_gps.dir/Users/grubowski/Documents/Important_Folders/School/OSU_School_Work/Winter_2023_Quarter/pico/pico-sdk/lib/tinyusb/src/tusb.c.obj
                0x00000000100071bc                tu_edpt_validate
 .text.tu_edpt_bind_driver
                0x0000000010007264       0x2a CMakeFiles/new_gps.dir/Users/grubowski/Documents/Important_Folders/School/OSU_School_Work/Winter_2023_Quarter/pico/pico-sdk/lib/tinyusb/src/tusb.c.obj
                0x0000000010007264                tu_edpt_bind_driver
 .text.advance_pointer
                0x000000001000728e       0x18 CMakeFiles/new_gps.dir/Users/grubowski/Documents/Important_Folders/School/OSU_School_Work/Winter_2023_Quarter/pico/pico-sdk/lib/tinyusb/src/common/tusb_fifo.c.obj
 .text.backward_pointer
                0x00000000100072a6       0x1e CMakeFiles/new_gps.dir/Users/grubowski/Documents/Important_Folders/School/OSU_School_Work/Winter_2023_Quarter/pico/pico-sdk/lib/tinyusb/src/common/tusb_fifo.c.obj
 .text.get_relative_pointer
                0x00000000100072c4       0x10 CMakeFiles/new_gps.dir/Users/grubowski/Documents/Important_Folders/School/OSU_School_Work/Winter_2023_Quarter/pico/pico-sdk/lib/tinyusb/src/common/tusb_fifo.c.obj
 .text._tu_fifo_peek
                0x00000000100072d4       0x50 CMakeFiles/new_gps.dir/Users/grubowski/Documents/Important_Folders/School/OSU_School_Work/Winter_2023_Quarter/pico/pico-sdk/lib/tinyusb/src/common/tusb_fifo.c.obj
 .text._ff_pull_const_addr
                0x0000000010007324       0x4c CMakeFiles/new_gps.dir/Users/grubowski/Documents/Important_Folders/School/OSU_School_Work/Winter_2023_Quarter/pico/pico-sdk/lib/tinyusb/src/common/tusb_fifo.c.obj
 .text._ff_pull_n
                0x0000000010007370      0x10c CMakeFiles/new_gps.dir/Users/grubowski/Documents/Important_Folders/School/OSU_School_Work/Winter_2023_Quarter/pico/pico-sdk/lib/tinyusb/src/common/tusb_fifo.c.obj
 .text._tu_fifo_peek_n
                0x000000001000747c       0x5e CMakeFiles/new_gps.dir/Users/grubowski/Documents/Important_Folders/School/OSU_School_Work/Winter_2023_Quarter/pico/pico-sdk/lib/tinyusb/src/common/tusb_fifo.c.obj
 .text._tu_fifo_read_n
                0x00000000100074da       0x4e CMakeFiles/new_gps.dir/Users/grubowski/Documents/Important_Folders/School/OSU_School_Work/Winter_2023_Quarter/pico/pico-sdk/lib/tinyusb/src/common/tusb_fifo.c.obj
 .text._ff_push_const_addr
                0x0000000010007528       0x40 CMakeFiles/new_gps.dir/Users/grubowski/Documents/Important_Folders/School/OSU_School_Work/Winter_2023_Quarter/pico/pico-sdk/lib/tinyusb/src/common/tusb_fifo.c.obj
 .text._ff_push_n
                0x0000000010007568      0x108 CMakeFiles/new_gps.dir/Users/grubowski/Documents/Important_Folders/School/OSU_School_Work/Winter_2023_Quarter/pico/pico-sdk/lib/tinyusb/src/common/tusb_fifo.c.obj
 .text._tu_fifo_write_n
                0x0000000010007670       0x9e CMakeFiles/new_gps.dir/Users/grubowski/Documents/Important_Folders/School/OSU_School_Work/Winter_2023_Quarter/pico/pico-sdk/lib/tinyusb/src/common/tusb_fifo.c.obj
 .text.tu_fifo_config
                0x000000001000770e       0x72 CMakeFiles/new_gps.dir/Users/grubowski/Documents/Important_Folders/School/OSU_School_Work/Winter_2023_Quarter/pico/pico-sdk/lib/tinyusb/src/common/tusb_fifo.c.obj
                0x000000001000770e                tu_fifo_config
 .text.tu_fifo_count
                0x0000000010007780       0x26 CMakeFiles/new_gps.dir/Users/grubowski/Documents/Important_Folders/School/OSU_School_Work/Winter_2023_Quarter/pico/pico-sdk/lib/tinyusb/src/common/tusb_fifo.c.obj
                0x0000000010007780                tu_fifo_count
 .text.tu_fifo_empty
                0x00000000100077a6       0x10 CMakeFiles/new_gps.dir/Users/grubowski/Documents/Important_Folders/School/OSU_School_Work/Winter_2023_Quarter/pico/pico-sdk/lib/tinyusb/src/common/tusb_fifo.c.obj
                0x00000000100077a6                tu_fifo_empty
 .text.tu_fifo_remaining
                0x00000000100077b6       0x20 CMakeFiles/new_gps.dir/Users/grubowski/Documents/Important_Folders/School/OSU_School_Work/Winter_2023_Quarter/pico/pico-sdk/lib/tinyusb/src/common/tusb_fifo.c.obj
                0x00000000100077b6                tu_fifo_remaining
 .text.tu_fifo_read
                0x00000000100077d6       0x42 CMakeFiles/new_gps.dir/Users/grubowski/Documents/Important_Folders/School/OSU_School_Work/Winter_2023_Quarter/pico/pico-sdk/lib/tinyusb/src/common/tusb_fifo.c.obj
                0x00000000100077d6                tu_fifo_read
 .text.tu_fifo_read_n
                0x0000000010007818        0xa CMakeFiles/new_gps.dir/Users/grubowski/Documents/Important_Folders/School/OSU_School_Work/Winter_2023_Quarter/pico/pico-sdk/lib/tinyusb/src/common/tusb_fifo.c.obj
                0x0000000010007818                tu_fifo_read_n
 .text.tu_fifo_write
                0x0000000010007822       0x6c CMakeFiles/new_gps.dir/Users/grubowski/Documents/Important_Folders/School/OSU_School_Work/Winter_2023_Quarter/pico/pico-sdk/lib/tinyusb/src/common/tusb_fifo.c.obj
                0x0000000010007822                tu_fifo_write
 .text.tu_fifo_write_n
                0x000000001000788e        0xa CMakeFiles/new_gps.dir/Users/grubowski/Documents/Important_Folders/School/OSU_School_Work/Winter_2023_Quarter/pico/pico-sdk/lib/tinyusb/src/common/tusb_fifo.c.obj
                0x000000001000788e                tu_fifo_write_n
 .text.tu_fifo_clear
                0x0000000010007898       0x4c CMakeFiles/new_gps.dir/Users/grubowski/Documents/Important_Folders/School/OSU_School_Work/Winter_2023_Quarter/pico/pico-sdk/lib/tinyusb/src/common/tusb_fifo.c.obj
                0x0000000010007898                tu_fifo_clear
 .text.tu_fifo_set_overwritable
                0x00000000100078e4       0x3c CMakeFiles/new_gps.dir/Users/grubowski/Documents/Important_Folders/School/OSU_School_Work/Winter_2023_Quarter/pico/pico-sdk/lib/tinyusb/src/common/tusb_fifo.c.obj
                0x00000000100078e4                tu_fifo_set_overwritable
 .text._retrieve_unique_id_on_boot
                0x0000000010007920       0x10 CMakeFiles/new_gps.dir/Users/grubowski/Documents/Important_Folders/School/OSU_School_Work/Winter_2023_Quarter/pico/pico-sdk/src/rp2_common/pico_unique_id/unique_id.c.obj
 .text.pico_get_unique_board_id_string
                0x0000000010007930       0x60 CMakeFiles/new_gps.dir/Users/grubowski/Documents/Important_Folders/School/OSU_School_Work/Winter_2023_Quarter/pico/pico-sdk/src/rp2_common/pico_unique_id/unique_id.c.obj
                0x0000000010007930                pico_get_unique_board_id_string
 .text.flash_get_unique_id
                0x0000000010007990       0x46 CMakeFiles/new_gps.dir/Users/grubowski/Documents/Important_Folders/School/OSU_School_Work/Winter_2023_Quarter/pico/pico-sdk/src/rp2_common/hardware_flash/flash.c.obj
                0x0000000010007990                flash_get_unique_id
 *fill*         0x00000000100079d6        0x2 
 .text._calloc_r
                0x00000000100079d8       0x9c /usr/local/Cellar/arm-none-eabi-gcc/10.3-2021.07/gcc/bin/../lib/gcc/arm-none-eabi/10.3.1/../../../../arm-none-eabi/lib/thumb/v6-m/nofp/libg.a(lib_a-callocr.o)
                0x00000000100079d8                _calloc_r
 .text.__errno  0x0000000010007a74        0xc /usr/local/Cellar/arm-none-eabi-gcc/10.3-2021.07/gcc/bin/../lib/gcc/arm-none-eabi/10.3.1/../../../../arm-none-eabi/lib/thumb/v6-m/nofp/libg.a(lib_a-errno.o)
                0x0000000010007a74                __errno
 .text.malloc   0x0000000010007a80       0x14 /usr/local/Cellar/arm-none-eabi-gcc/10.3-2021.07/gcc/bin/../lib/gcc/arm-none-eabi/10.3.1/../../../../arm-none-eabi/lib/thumb/v6-m/nofp/libg.a(lib_a-malloc.o)
                0x0000000010007a80                malloc
 .text.free     0x0000000010007a94       0x14 /usr/local/Cellar/arm-none-eabi-gcc/10.3-2021.07/gcc/bin/../lib/gcc/arm-none-eabi/10.3.1/../../../../arm-none-eabi/lib/thumb/v6-m/nofp/libg.a(lib_a-malloc.o)
                0x0000000010007a94                free
 .text._malloc_r
                0x0000000010007aa8      0x584 /usr/local/Cellar/arm-none-eabi-gcc/10.3-2021.07/gcc/bin/../lib/gcc/arm-none-eabi/10.3.1/../../../../arm-none-eabi/lib/thumb/v6-m/nofp/libg.a(lib_a-mallocr.o)
                0x0000000010007aa8                _malloc_r
 .text.__malloc_lock
                0x000000001000802c       0x10 /usr/local/Cellar/arm-none-eabi-gcc/10.3-2021.07/gcc/bin/../lib/gcc/arm-none-eabi/10.3.1/../../../../arm-none-eabi/lib/thumb/v6-m/nofp/libg.a(lib_a-mlock.o)
                0x000000001000802c                __malloc_lock
 .text.__malloc_unlock
                0x000000001000803c       0x10 /usr/local/Cellar/arm-none-eabi-gcc/10.3-2021.07/gcc/bin/../lib/gcc/arm-none-eabi/10.3.1/../../../../arm-none-eabi/lib/thumb/v6-m/nofp/libg.a(lib_a-mlock.o)
                0x000000001000803c                __malloc_unlock
 .text.realloc  0x000000001000804c       0x18 /usr/local/Cellar/arm-none-eabi-gcc/10.3-2021.07/gcc/bin/../lib/gcc/arm-none-eabi/10.3.1/../../../../arm-none-eabi/lib/thumb/v6-m/nofp/libg.a(lib_a-realloc.o)
                0x000000001000804c                realloc
 .text._realloc_r
                0x0000000010008064      0x354 /usr/local/Cellar/arm-none-eabi-gcc/10.3-2021.07/gcc/bin/../lib/gcc/arm-none-eabi/10.3.1/../../../../arm-none-eabi/lib/thumb/v6-m/nofp/libg.a(lib_a-reallocr.o)
                0x0000000010008064                _realloc_r
 .text._sbrk_r  0x00000000100083b8       0x24 /usr/local/Cellar/arm-none-eabi-gcc/10.3-2021.07/gcc/bin/../lib/gcc/arm-none-eabi/10.3.1/../../../../arm-none-eabi/lib/thumb/v6-m/nofp/libg.a(lib_a-sbrkr.o)
                0x00000000100083b8                _sbrk_r
 .text.scanf    0x00000000100083dc       0x24 /usr/local/Cellar/arm-none-eabi-gcc/10.3-2021.07/gcc/bin/../lib/gcc/arm-none-eabi/10.3.1/../../../../arm-none-eabi/lib/thumb/v6-m/nofp/libg.a(lib_a-scanf.o)
                0x00000000100083dc                scanf
 .text.sscanf   0x0000000010008400       0x50 /usr/local/Cellar/arm-none-eabi-gcc/10.3-2021.07/gcc/bin/../lib/gcc/arm-none-eabi/10.3.1/../../../../arm-none-eabi/lib/thumb/v6-m/nofp/libg.a(lib_a-sscanf.o)
                0x0000000010008400                sscanf
 .text.__sread  0x0000000010008450       0x28 /usr/local/Cellar/arm-none-eabi-gcc/10.3-2021.07/gcc/bin/../lib/gcc/arm-none-eabi/10.3.1/../../../../arm-none-eabi/lib/thumb/v6-m/nofp/libg.a(lib_a-stdio.o)
                0x0000000010008450                __sread
 .text.__seofread
                0x0000000010008478        0x4 /usr/local/Cellar/arm-none-eabi-gcc/10.3-2021.07/gcc/bin/../lib/gcc/arm-none-eabi/10.3.1/../../../../arm-none-eabi/lib/thumb/v6-m/nofp/libg.a(lib_a-stdio.o)
                0x0000000010008478                __seofread
 .text.__swrite
                0x000000001000847c       0x40 /usr/local/Cellar/arm-none-eabi-gcc/10.3-2021.07/gcc/bin/../lib/gcc/arm-none-eabi/10.3.1/../../../../arm-none-eabi/lib/thumb/v6-m/nofp/libg.a(lib_a-stdio.o)
                0x000000001000847c                __swrite
 .text.__sseek  0x00000000100084bc       0x2c /usr/local/Cellar/arm-none-eabi-gcc/10.3-2021.07/gcc/bin/../lib/gcc/arm-none-eabi/10.3.1/../../../../arm-none-eabi/lib/thumb/v6-m/nofp/libg.a(lib_a-stdio.o)
                0x00000000100084bc                __sseek
 .text.__sclose
                0x00000000100084e8        0xc /usr/local/Cellar/arm-none-eabi-gcc/10.3-2021.07/gcc/bin/../lib/gcc/arm-none-eabi/10.3.1/../../../../arm-none-eabi/lib/thumb/v6-m/nofp/libg.a(lib_a-stdio.o)
                0x00000000100084e8                __sclose
 .text.strchr   0x00000000100084f4       0xc0 /usr/local/Cellar/arm-none-eabi-gcc/10.3-2021.07/gcc/bin/../lib/gcc/arm-none-eabi/10.3.1/../../../../arm-none-eabi/lib/thumb/v6-m/nofp/libg.a(lib_a-strchr.o)
                0x00000000100084f4                strchr
 .text.strlen   0x00000000100085b4       0x5c /usr/local/Cellar/arm-none-eabi-gcc/10.3-2021.07/gcc/bin/../lib/gcc/arm-none-eabi/10.3.1/../../../../arm-none-eabi/lib/thumb/v6-m/nofp/libg.a(lib_a-strlen-stub.o)
                0x00000000100085b4                strlen
 .text.two_way_long_needle
                0x0000000010008610      0x288 /usr/local/Cellar/arm-none-eabi-gcc/10.3-2021.07/gcc/bin/../lib/gcc/arm-none-eabi/10.3.1/../../../../arm-none-eabi/lib/thumb/v6-m/nofp/libg.a(lib_a-strstr.o)
 .text.strstr   0x0000000010008898      0x174 /usr/local/Cellar/arm-none-eabi-gcc/10.3-2021.07/gcc/bin/../lib/gcc/arm-none-eabi/10.3.1/../../../../arm-none-eabi/lib/thumb/v6-m/nofp/libg.a(lib_a-strstr.o)
                0x0000000010008898                strstr
 .text.__ssvfscanf_r
                0x0000000010008a0c     0x17a0 /usr/local/Cellar/arm-none-eabi-gcc/10.3-2021.07/gcc/bin/../lib/gcc/arm-none-eabi/10.3.1/../../../../arm-none-eabi/lib/thumb/v6-m/nofp/libg.a(lib_a-svfscanf.o)
                0x0000000010008a0c                __ssvfscanf_r
 .text.__svfscanf_r
                0x000000001000a1ac     0x17d8 /usr/local/Cellar/arm-none-eabi-gcc/10.3-2021.07/gcc/bin/../lib/gcc/arm-none-eabi/10.3.1/../../../../arm-none-eabi/lib/thumb/v6-m/nofp/libg.a(lib_a-vfscanf.o)
                0x000000001000a1ac                __svfscanf_r
 .text._vfscanf_r
                0x000000001000b984       0x28 /usr/local/Cellar/arm-none-eabi-gcc/10.3-2021.07/gcc/bin/../lib/gcc/arm-none-eabi/10.3.1/../../../../arm-none-eabi/lib/thumb/v6-m/nofp/libg.a(lib_a-vfscanf.o)
                0x000000001000b984                _vfscanf_r
 .text._write_r
                0x000000001000b9ac       0x28 /usr/local/Cellar/arm-none-eabi-gcc/10.3-2021.07/gcc/bin/../lib/gcc/arm-none-eabi/10.3.1/../../../../arm-none-eabi/lib/thumb/v6-m/nofp/libg.a(lib_a-writer.o)
                0x000000001000b9ac                _write_r
 .text._close_r
                0x000000001000b9d4       0x24 /usr/local/Cellar/arm-none-eabi-gcc/10.3-2021.07/gcc/bin/../lib/gcc/arm-none-eabi/10.3.1/../../../../arm-none-eabi/lib/thumb/v6-m/nofp/libg.a(lib_a-closer.o)
                0x000000001000b9d4                _close_r
 .text._cleanup_r
                0x000000001000b9f8       0x10 /usr/local/Cellar/arm-none-eabi-gcc/10.3-2021.07/gcc/bin/../lib/gcc/arm-none-eabi/10.3.1/../../../../arm-none-eabi/lib/thumb/v6-m/nofp/libg.a(lib_a-findfp.o)
                0x000000001000b9f8                _cleanup_r
 .text.__sinit  0x000000001000ba08      0x120 /usr/local/Cellar/arm-none-eabi-gcc/10.3-2021.07/gcc/bin/../lib/gcc/arm-none-eabi/10.3.1/../../../../arm-none-eabi/lib/thumb/v6-m/nofp/libg.a(lib_a-findfp.o)